Archive member included to satisfy reference by file (symbol)

/home/nico/eclipse-workspace/free-rtos-demo/libArduinoLibraries.a(tasks.o)
                              ./src/test.o (vTaskStartScheduler)
/home/nico/eclipse-workspace/free-rtos-demo/libArduinoLibraries.a(timers.o)
                              /home/nico/eclipse-workspace/free-rtos-demo/libArduinoLibraries.a(tasks.o) (xTimerCreateTimerTask)
/home/nico/eclipse-workspace/free-rtos-demo/libArduinoLibraries.a(variantHooks.o)
                              /home/nico/eclipse-workspace/free-rtos-demo/libArduinoLibraries.a(tasks.o) (vApplicationIdleHook)
/home/nico/eclipse-workspace/free-rtos-demo/libArduinoLibraries.a(heap_3.o)
                              /home/nico/eclipse-workspace/free-rtos-demo/libArduinoLibraries.a(tasks.o) (pvPortMalloc)
/home/nico/eclipse-workspace/free-rtos-demo/libArduinoLibraries.a(list.o)
                              /home/nico/eclipse-workspace/free-rtos-demo/libArduinoLibraries.a(tasks.o) (vListInitialise)
/home/nico/eclipse-workspace/free-rtos-demo/libArduinoLibraries.a(port.o)
                              /home/nico/eclipse-workspace/free-rtos-demo/libArduinoLibraries.a(tasks.o) (pxPortInitialiseStack)
/home/nico/eclipse-workspace/free-rtos-demo/libArduinoLibraries.a(queue.o)
                              /home/nico/eclipse-workspace/free-rtos-demo/libArduinoLibraries.a(timers.o) (xQueueGenericCreate)
/home/nico/eclipse-workspace/free-rtos-demo/libArduinoCore.a(HardwareSerial.o)
                              ./src/test.o (_ZN14HardwareSerial5beginEl)
/home/nico/eclipse-workspace/free-rtos-demo/libArduinoCore.a(Print.o)
                              /home/nico/eclipse-workspace/free-rtos-demo/libArduinoCore.a(HardwareSerial.o) (_ZN5Print5writeEPKc)
/home/nico/eclipse-workspace/free-rtos-demo/libArduinoCore.a(WString.o)
                              /home/nico/eclipse-workspace/free-rtos-demo/libArduinoCore.a(Print.o) (_ZNK6StringixEj)
/home/nico/eclipse-workspace/free-rtos-demo/libArduinoCore.a(wiring.o)
                              /home/nico/eclipse-workspace/free-rtos-demo/libArduinoLibraries.a(port.o) (delay)
/home/nico/eclipse-workspace/free-rtos-demo/libArduinoCore.a(wiring_digital.o)
                              ./src/test.o (pinMode)
/home/nico/eclipse-workspace/free-rtos-demo/libArduinoCore.a(pins_arduino.o)
                              /home/nico/eclipse-workspace/free-rtos-demo/libArduinoCore.a(wiring_digital.o) (digital_pin_to_timer_PGM)
/usr/lib/gcc/avr/7.3.0/avr5/libgcc.a(_udivmodhi4.o)
                              ./src/test.o (__udivmodhi4)
/usr/lib/gcc/avr/7.3.0/avr5/libgcc.a(_divmodhi4.o)
                              ./src/test.o (__divmodhi4)
/usr/lib/gcc/avr/7.3.0/avr5/libgcc.a(_udivmodsi4.o)
                              /home/nico/eclipse-workspace/free-rtos-demo/libArduinoCore.a(HardwareSerial.o) (__udivmodsi4)
/usr/lib/gcc/avr/7.3.0/avr5/libgcc.a(_exit.o)
                              /usr/lib/gcc/avr/7.3.0/../../../avr/lib/avr5/crtatmega328p.o (exit)
/usr/lib/gcc/avr/7.3.0/avr5/libgcc.a(_tablejump2.o)
                              /home/nico/eclipse-workspace/free-rtos-demo/libArduinoLibraries.a(timers.o) (__tablejump2__)
/usr/lib/gcc/avr/7.3.0/avr5/libgcc.a(_copy_data.o)
                              ./src/test.o (__do_copy_data)
/usr/lib/gcc/avr/7.3.0/avr5/libgcc.a(_clear_bss.o)
                              ./src/test.o (__do_clear_bss)
/usr/lib/gcc/avr/7.3.0/avr5/libgcc.a(_ctors.o)
                              /home/nico/eclipse-workspace/free-rtos-demo/libArduinoCore.a(HardwareSerial.o) (__do_global_ctors)
/usr/lib/gcc/avr/7.3.0/../../../avr/lib/avr5/libm.a(addsf3.o)
                              /home/nico/eclipse-workspace/free-rtos-demo/libArduinoCore.a(Print.o) (__subsf3)
/usr/lib/gcc/avr/7.3.0/../../../avr/lib/avr5/libm.a(addsf3x.o)
                              /usr/lib/gcc/avr/7.3.0/../../../avr/lib/avr5/libm.a(addsf3.o) (__addsf3x)
/usr/lib/gcc/avr/7.3.0/../../../avr/lib/avr5/libm.a(cmpsf2.o)
                              /home/nico/eclipse-workspace/free-rtos-demo/libArduinoCore.a(Print.o) (__ltsf2)
/usr/lib/gcc/avr/7.3.0/../../../avr/lib/avr5/libm.a(divsf3.o)
                              /home/nico/eclipse-workspace/free-rtos-demo/libArduinoCore.a(Print.o) (__divsf3)
/usr/lib/gcc/avr/7.3.0/../../../avr/lib/avr5/libm.a(divsf3x.o)
                              /usr/lib/gcc/avr/7.3.0/../../../avr/lib/avr5/libm.a(divsf3.o) (__divsf3x)
/usr/lib/gcc/avr/7.3.0/../../../avr/lib/avr5/libm.a(fixsfsi.o)
                              /home/nico/eclipse-workspace/free-rtos-demo/libArduinoCore.a(Print.o) (__fixsfsi)
/usr/lib/gcc/avr/7.3.0/../../../avr/lib/avr5/libm.a(fixunssfsi.o)
                              /home/nico/eclipse-workspace/free-rtos-demo/libArduinoCore.a(Print.o) (__fixunssfsi)
/usr/lib/gcc/avr/7.3.0/../../../avr/lib/avr5/libm.a(floatsisf.o)
                              /home/nico/eclipse-workspace/free-rtos-demo/libArduinoCore.a(Print.o) (__floatunsisf)
[...]
Memory Configuration

Name             Origin             Length             Attributes
text             0x0000000000000000 0x0000000000008000 xr
data             0x0000000000800100 0x0000000000000800 rw !x
eeprom           0x0000000000810000 0x0000000000000400 rw !x
fuse             0x0000000000820000 0x0000000000000003 rw !x
lock             0x0000000000830000 0x0000000000000400 rw !x
signature        0x0000000000840000 0x0000000000000400 rw !x
user_signatures  0x0000000000850000 0x0000000000000400 rw !x
*default*        0x0000000000000000 0xffffffffffffffff

Linker script and memory map

Address of section .data set to 0x800100
LOAD /usr/lib/gcc/avr/7.3.0/../../../avr/lib/avr5/crtatmega328p.o
LOAD ./src/test.o
LOAD /home/nico/eclipse-workspace/free-rtos-demo/libArduinoLibraries.a
LOAD /home/nico/eclipse-workspace/free-rtos-demo/libArduinoCore.a
LOAD /home/nico/eclipse-workspace/free-rtos-demo/libArduinoLibraries.a
LOAD /home/nico/eclipse-workspace/free-rtos-demo/libArduinoCore.a
LOAD /usr/lib/gcc/avr/7.3.0/avr5/libgcc.a
LOAD /usr/lib/gcc/avr/7.3.0/../../../avr/lib/avr5/libm.a
START GROUP
LOAD /usr/lib/gcc/avr/7.3.0/avr5/libgcc.a
LOAD /usr/lib/gcc/avr/7.3.0/../../../avr/lib/avr5/libm.a
LOAD /usr/lib/gcc/avr/7.3.0/../../../avr/lib/avr5/libc.a
LOAD /usr/lib/gcc/avr/7.3.0/../../../avr/lib/avr5/libatmega328p.a
END GROUP
                0x0000000000000000                __TEXT_REGION_ORIGIN__ = DEFINED (__TEXT_REGION_ORIGIN__)?__TEXT_REGION_ORIGIN__:0x0
                [0x0000000000800100]                __DATA_REGION_ORIGIN__ = DEFINED (__DATA_REGION_ORIGIN__)?__DATA_REGION_ORIGIN__:0x800060
                [0x0000000000008000]                __TEXT_REGION_LENGTH__ = DEFINED (__TEXT_REGION_LENGTH__)?__TEXT_REGION_LENGTH__:0x20000
                [0x0000000000000800]                __DATA_REGION_LENGTH__ = DEFINED (__DATA_REGION_LENGTH__)?__DATA_REGION_LENGTH__:0xffa0
                [0x0000000000000400]                __EEPROM_REGION_LENGTH__ = DEFINED (__EEPROM_REGION_LENGTH__)?__EEPROM_REGION_LENGTH__:0x10000
                [0x0000000000000003]                __FUSE_REGION_LENGTH__ = DEFINED (__FUSE_REGION_LENGTH__)?__FUSE_REGION_LENGTH__:0x400
                0x0000000000000400                __LOCK_REGION_LENGTH__ = DEFINED (__LOCK_REGION_LENGTH__)?__LOCK_REGION_LENGTH__:0x400
                0x0000000000000400                __SIGNATURE_REGION_LENGTH__ = DEFINED (__SIGNATURE_REGION_LENGTH__)?__SIGNATURE_REGION_LENGTH__:0x400
                0x0000000000000400                __USER_SIGNATURE_REGION_LENGTH__ = DEFINED (__USER_SIGNATURE_REGION_LENGTH__)?__USER_SIGNATURE_REGION_LENGTH__:0x400

.hash
 *(.hash)

.dynsym
 *(.dynsym)

.dynstr
 *(.dynstr)

.gnu.version
 *(.gnu.version)

.gnu.version_d
 *(.gnu.version_d)

.gnu.version_r
 *(.gnu.version_r)

.rel.init
 *(.rel.init)

.rela.init
 *(.rela.init)

.rel.text
 *(.rel.text)
 *(.rel.text.*)
 *(.rel.gnu.linkonce.t*)

.rela.text
 *(.rela.text)
 *(.rela.text.*)
 *(.rela.gnu.linkonce.t*)

.rel.fini
 *(.rel.fini)

.rela.fini
 *(.rela.fini)

.rel.rodata
 *(.rel.rodata)
 *(.rel.rodata.*)
 *(.rel.gnu.linkonce.r*)

.rela.rodata
 *(.rela.rodata)
 *(.rela.rodata.*)
 *(.rela.gnu.linkonce.r*)

.rel.data
 *(.rel.data)
 *(.rel.data.*)
 *(.rel.gnu.linkonce.d*)

.rela.data
 *(.rela.data)
 *(.rela.data.*)
 *(.rela.gnu.linkonce.d*)

.rel.ctors
 *(.rel.ctors)

.rela.ctors
 *(.rela.ctors)

.rel.dtors
 *(.rel.dtors)

.rela.dtors
 *(.rela.dtors)

.rel.got
 *(.rel.got)

.rela.got
 *(.rela.got)

.rel.bss
 *(.rel.bss)

.rela.bss
 *(.rela.bss)

.rel.plt
 *(.rel.plt)

.rela.plt
 *(.rela.plt)

.text           0x0000000000000000     0x258e
 *(.vectors)
 .vectors       0x0000000000000000       0x68 /usr/lib/gcc/avr/7.3.0/../../../avr/lib/avr5/crtatmega328p.o
                0x0000000000000000                __vectors
                0x0000000000000000                __vector_default
 *(.vectors)
 *(.progmem.gcc*)
                0x0000000000000068                . = ALIGN (0x2)
                0x0000000000000068                __trampolines_start = .
 *(.trampolines)
 .trampolines   0x0000000000000068        0x0 linker stubs
 *(.trampolines*)
                0x0000000000000068                __trampolines_end = .
 *libprintf_flt.a:*(.progmem.data)
 *libc.a:*(.progmem.data)
 *(.progmem*)
 .progmem.data.digital_pin_to_timer_PGM
                0x0000000000000068       0x14 /home/nico/eclipse-workspace/free-rtos-demo/libArduinoCore.a(pins_arduino.o)
                0x0000000000000068                digital_pin_to_timer_PGM
 .progmem.data.digital_pin_to_bit_mask_PGM
                0x000000000000007c       0x14 /home/nico/eclipse-workspace/free-rtos-demo/libArduinoCore.a(pins_arduino.o)
                0x000000000000007c                digital_pin_to_bit_mask_PGM
 .progmem.data.digital_pin_to_port_PGM
                0x0000000000000090       0x14 /home/nico/eclipse-workspace/free-rtos-demo/libArduinoCore.a(pins_arduino.o)
                0x0000000000000090                digital_pin_to_port_PGM
 .progmem.data.port_to_input_PGM
                0x00000000000000a4        0xa /home/nico/eclipse-workspace/free-rtos-demo/libArduinoCore.a(pins_arduino.o)
                0x00000000000000a4                port_to_input_PGM
 .progmem.data.port_to_output_PGM
                0x00000000000000ae        0xa /home/nico/eclipse-workspace/free-rtos-demo/libArduinoCore.a(pins_arduino.o)
                0x00000000000000ae                port_to_output_PGM
 .progmem.data.port_to_mode_PGM
                0x00000000000000b8        0xa /home/nico/eclipse-workspace/free-rtos-demo/libArduinoCore.a(pins_arduino.o)
                0x00000000000000b8                port_to_mode_PGM
                0x00000000000000c2                . = ALIGN (0x2)
 *(.jumptables)
 *(.jumptables*)
 *(.lowtext)
 *(.lowtext*)
                0x00000000000000c2                __ctors_start = .
 *(.ctors)
 .ctors         0x00000000000000c2        0x2 /home/nico/eclipse-workspace/free-rtos-demo/libArduinoCore.a(HardwareSerial.o)
                0x00000000000000c4                __ctors_end = .
                0x00000000000000c4                __dtors_start = .
 *(.dtors)
                0x00000000000000c4                __dtors_end = .
 SORT(*)(.ctors)
 SORT(*)(.dtors)
 *(.init0)
 .init0         0x00000000000000c4        0x0 /usr/lib/gcc/avr/7.3.0/../../../avr/lib/avr5/crtatmega328p.o
                0x00000000000000c4                __init
 *(.init0)
 *(.init1)
 *(.init1)
 *(.init2)
 .init2         0x00000000000000c4        0xc /usr/lib/gcc/avr/7.3.0/../../../avr/lib/avr5/crtatmega328p.o
 *(.init2)
 *(.init3)
 *(.init3)
 *(.init4)
 .init4         0x00000000000000d0       0x16 /usr/lib/gcc/avr/7.3.0/avr5/libgcc.a(_copy_data.o)
                0x00000000000000d0                __do_copy_data
 .init4         0x00000000000000e6       0x10 /usr/lib/gcc/avr/7.3.0/avr5/libgcc.a(_clear_bss.o)
                0x00000000000000e6                __do_clear_bss
 *(.init4)
 *(.init5)
 *(.init5)
 *(.init6)
 .init6         0x00000000000000f6       0x16 /usr/lib/gcc/avr/7.3.0/avr5/libgcc.a(_ctors.o)
                0x00000000000000f6                __do_global_ctors
 *(.init6)
 *(.init7)
 *(.init7)
 *(.init8)
 *(.init8)
 *(.init9)
 .init9         0x000000000000010c        0x6 /usr/lib/gcc/avr/7.3.0/../../../avr/lib/avr5/crtatmega328p.o
 *(.init9)
 *(.text)
 .text          0x0000000000000112        0x2 /usr/lib/gcc/avr/7.3.0/../../../avr/lib/avr5/crtatmega328p.o
                0x0000000000000112                __vector_22
                0x0000000000000112                __vector_1
                0x0000000000000112                __vector_24
                0x0000000000000112                __vector_12
                0x0000000000000112                __bad_interrupt
                0x0000000000000112                __vector_3
                0x0000000000000112                __vector_23
                0x0000000000000112                __vector_25
                0x0000000000000112                __vector_11
                0x0000000000000112                __vector_13
                0x0000000000000112                __vector_17
                0x0000000000000112                __vector_19
                0x0000000000000112                __vector_7
                0x0000000000000112                __vector_5
                0x0000000000000112                __vector_4
                0x0000000000000112                __vector_9
                0x0000000000000112                __vector_2
                0x0000000000000112                __vector_21
                0x0000000000000112                __vector_15
                0x0000000000000112                __vector_8
                0x0000000000000112                __vector_14
                0x0000000000000112                __vector_10
                0x0000000000000112                __vector_20
                0x0000000000000114                . = ALIGN (0x2)
 *(.text.*)
 .text._ZL16prvTimerCallbackP10TimerDef_t
                0x0000000000000114       0xaa ./src/test.o
 .text.setup    0x00000000000001be       0x9c ./src/test.o
                0x00000000000001be                setup
 .text.loop     0x000000000000025a      0x158 ./src/test.o
                0x000000000000025a                loop
 .text.startup.main
                0x00000000000003b2        0x6 ./src/test.o
                0x00000000000003b2                main
 .text.hot.prvResetNextTaskUnblockTime
                0x00000000000003b8       0x30 /home/nico/eclipse-workspace/free-rtos-demo/libArduinoLibraries.a(tasks.o)
 .text.hot.prvAddCurrentTaskToDelayedList
                0x00000000000003e8      0x11c /home/nico/eclipse-workspace/free-rtos-demo/libArduinoLibraries.a(tasks.o)
 .text.hot.prvCheckTasksWaitingTermination
                0x0000000000000504       0x4e /home/nico/eclipse-workspace/free-rtos-demo/libArduinoLibraries.a(tasks.o)
 .text.prvIdleTask
                0x0000000000000552       0x12 /home/nico/eclipse-workspace/free-rtos-demo/libArduinoLibraries.a(tasks.o)
 .text.hot.xTaskCreate
                0x0000000000000564      0x236 /home/nico/eclipse-workspace/free-rtos-demo/libArduinoLibraries.a(tasks.o)
                0x0000000000000564                xTaskCreate
 .text.hot.vTaskStartScheduler
                0x000000000000079a       0x94 /home/nico/eclipse-workspace/free-rtos-demo/libArduinoLibraries.a(tasks.o)
                0x000000000000079a                vTaskStartScheduler
 .text.hot.vTaskSuspendAll
                0x000000000000082e        0xc /home/nico/eclipse-workspace/free-rtos-demo/libArduinoLibraries.a(tasks.o)
                0x000000000000082e                vTaskSuspendAll
 .text.hot.xTaskGetTickCount
                0x000000000000083a       0x14 /home/nico/eclipse-workspace/free-rtos-demo/libArduinoLibraries.a(tasks.o)
                0x000000000000083a                xTaskGetTickCount
 .text.hot.xTaskIncrementTick
                0x000000000000084e      0x1f6 /home/nico/eclipse-workspace/free-rtos-demo/libArduinoLibraries.a(tasks.o)
                0x000000000000084e                xTaskIncrementTick
 .text.hot.xTaskResumeAll
                0x0000000000000a44      0x194 /home/nico/eclipse-workspace/free-rtos-demo/libArduinoLibraries.a(tasks.o)
                0x0000000000000a44                xTaskResumeAll
 .text.hot.vTaskSwitchContext
                0x0000000000000bd8       0xc0 /home/nico/eclipse-workspace/free-rtos-demo/libArduinoLibraries.a(tasks.o)
                0x0000000000000bd8                vTaskSwitchContext
 .text.hot.vTaskPlaceOnEventList
                0x0000000000000c98       0x1e /home/nico/eclipse-workspace/free-rtos-demo/libArduinoLibraries.a(tasks.o)
                0x0000000000000c98                vTaskPlaceOnEventList
 .text.hot.vTaskPlaceOnEventListRestricted
                0x0000000000000cb6       0x8e /home/nico/eclipse-workspace/free-rtos-demo/libArduinoLibraries.a(tasks.o)
                0x0000000000000cb6                vTaskPlaceOnEventListRestricted
 .text.hot.xTaskRemoveFromEventList
                0x0000000000000d44      0x14a /home/nico/eclipse-workspace/free-rtos-demo/libArduinoLibraries.a(tasks.o)
                0x0000000000000d44                xTaskRemoveFromEventList
 .text.hot.vTaskInternalSetTimeOutState
                0x0000000000000e8e       0x16 /home/nico/eclipse-workspace/free-rtos-demo/libArduinoLibraries.a(tasks.o)
                0x0000000000000e8e                vTaskInternalSetTimeOutState
 .text.hot.xTaskCheckForTimeOut
                0x0000000000000ea4       0x60 /home/nico/eclipse-workspace/free-rtos-demo/libArduinoLibraries.a(tasks.o)
                0x0000000000000ea4                xTaskCheckForTimeOut
 .text.hot.vTaskMissedYield
                0x0000000000000f04        0x8 /home/nico/eclipse-workspace/free-rtos-demo/libArduinoLibraries.a(tasks.o)
                0x0000000000000f04                vTaskMissedYield
 .text.hot.xTaskGetSchedulerState
                0x0000000000000f0c       0x1c /home/nico/eclipse-workspace/free-rtos-demo/libArduinoLibraries.a(tasks.o)
                0x0000000000000f0c                xTaskGetSchedulerState
 .text.hot.xTaskPriorityDisinherit
                0x0000000000000f28       0xac /home/nico/eclipse-workspace/free-rtos-demo/libArduinoLibraries.a(tasks.o)
                0x0000000000000f28                xTaskPriorityDisinherit
 .text.hot.prvCheckForValidListAndQueue
                0x0000000000000fd4       0x4c /home/nico/eclipse-workspace/free-rtos-demo/libArduinoLibraries.a(timers.o)
 .text.hot.prvInsertTimerInActiveList
                0x0000000000001020       0x52 /home/nico/eclipse-workspace/free-rtos-demo/libArduinoLibraries.a(timers.o)
 .text.hot.prvReloadTimer
                0x0000000000001072       0x46 /home/nico/eclipse-workspace/free-rtos-demo/libArduinoLibraries.a(timers.o)
 .text.hot.prvProcessExpiredTimer
                0x00000000000010b8       0x50 /home/nico/eclipse-workspace/free-rtos-demo/libArduinoLibraries.a(timers.o)
 .text.hot.prvSwitchTimerLists
                0x0000000000001108       0x3a /home/nico/eclipse-workspace/free-rtos-demo/libArduinoLibraries.a(timers.o)
 .text.hot.prvTimerTask
                0x0000000000001142      0x1aa /home/nico/eclipse-workspace/free-rtos-demo/libArduinoLibraries.a(timers.o)
 .text.hot.xTimerCreateTimerTask
                0x00000000000012ec       0x3c /home/nico/eclipse-workspace/free-rtos-demo/libArduinoLibraries.a(timers.o)
                0x00000000000012ec                xTimerCreateTimerTask
 .text.hot.xTimerCreate
                0x0000000000001328       0x68 /home/nico/eclipse-workspace/free-rtos-demo/libArduinoLibraries.a(timers.o)
                0x0000000000001328                xTimerCreate
 .text.hot.xTimerGenericCommandFromTask
                0x0000000000001390       0x64 /home/nico/eclipse-workspace/free-rtos-demo/libArduinoLibraries.a(timers.o)
                0x0000000000001390                xTimerGenericCommandFromTask
 .text.hot.pvTimerGetTimerID
                0x00000000000013f4       0x12 /home/nico/eclipse-workspace/free-rtos-demo/libArduinoLibraries.a(timers.o)
                0x00000000000013f4                pvTimerGetTimerID
 .text.hot.vTimerSetTimerID
                0x0000000000001406       0x12 /home/nico/eclipse-workspace/free-rtos-demo/libArduinoLibraries.a(timers.o)
                0x0000000000001406                vTimerSetTimerID
 .text.vApplicationIdleHook
                0x0000000000001418        0x4 /home/nico/eclipse-workspace/free-rtos-demo/libArduinoLibraries.a(variantHooks.o)
                0x0000000000001418                vApplicationIdleHook
 .text._Z15prvSetMainLedOnv
                0x000000000000141c        0x6 /home/nico/eclipse-workspace/free-rtos-demo/libArduinoLibraries.a(variantHooks.o)
                0x000000000000141c                _Z15prvSetMainLedOnv
 .text._Z15prvBlinkMainLedv
                0x0000000000001422        0x4 /home/nico/eclipse-workspace/free-rtos-demo/libArduinoLibraries.a(variantHooks.o)
                0x0000000000001422                _Z15prvBlinkMainLedv
 .text.vApplicationMallocFailedHook
                0x0000000000001426       0x18 /home/nico/eclipse-workspace/free-rtos-demo/libArduinoLibraries.a(variantHooks.o)
                0x0000000000001426                vApplicationMallocFailedHook
 .text.vApplicationStackOverflowHook
                0x000000000000143e       0x18 /home/nico/eclipse-workspace/free-rtos-demo/libArduinoLibraries.a(variantHooks.o)
                0x000000000000143e                vApplicationStackOverflowHook
 .text.hot.pvPortMalloc
                0x0000000000001456       0x1e /home/nico/eclipse-workspace/free-rtos-demo/libArduinoLibraries.a(heap_3.o)
                0x0000000000001456                pvPortMalloc
 .text.hot.vPortFree
                0x0000000000001474       0x1c /home/nico/eclipse-workspace/free-rtos-demo/libArduinoLibraries.a(heap_3.o)
                0x0000000000001474                vPortFree
 .text.hot.vListInitialise
                0x0000000000001490       0x1c /home/nico/eclipse-workspace/free-rtos-demo/libArduinoLibraries.a(list.o)
                0x0000000000001490                vListInitialise
 .text.hot.vListInitialiseItem
                0x00000000000014ac        0x8 /home/nico/eclipse-workspace/free-rtos-demo/libArduinoLibraries.a(list.o)
                0x00000000000014ac                vListInitialiseItem
 .text.hot.vListInsert
                0x00000000000014b4       0x6c /home/nico/eclipse-workspace/free-rtos-demo/libArduinoLibraries.a(list.o)
                0x00000000000014b4                vListInsert
 .text.hot.uxListRemove
                0x0000000000001520       0x46 /home/nico/eclipse-workspace/free-rtos-demo/libArduinoLibraries.a(list.o)
                0x0000000000001520                uxListRemove
 .text.hot.pxPortInitialiseStack
                0x0000000000001566       0x22 /home/nico/eclipse-workspace/free-rtos-demo/libArduinoLibraries.a(port.o)
                0x0000000000001566                pxPortInitialiseStack
 .text.hot.vPortYield
                0x0000000000001588       0xb0 /home/nico/eclipse-workspace/free-rtos-demo/libArduinoLibraries.a(port.o)
                0x0000000000001588                vPortYield
 .text.hot.vPortYieldFromTick
                0x0000000000001638       0xb6 /home/nico/eclipse-workspace/free-rtos-demo/libArduinoLibraries.a(port.o)
                0x0000000000001638                vPortYieldFromTick
 .text.prvSetupTimerInterrupt
                0x00000000000016ee       0x18 /home/nico/eclipse-workspace/free-rtos-demo/libArduinoLibraries.a(port.o)
                0x00000000000016ee                prvSetupTimerInterrupt
 .text.hot.xPortStartScheduler
                0x0000000000001706       0x5c /home/nico/eclipse-workspace/free-rtos-demo/libArduinoLibraries.a(port.o)
                0x0000000000001706                xPortStartScheduler
 .text.hot.__vector_6
                0x0000000000001762        0x4 /home/nico/eclipse-workspace/free-rtos-demo/libArduinoLibraries.a(port.o)
                0x0000000000001762                __vector_6
 .text.hot.prvIsQueueEmpty
                0x0000000000001766       0x16 /home/nico/eclipse-workspace/free-rtos-demo/libArduinoLibraries.a(queue.o)
 .text.hot.prvCopyDataToQueue
                0x000000000000177c       0xa4 /home/nico/eclipse-workspace/free-rtos-demo/libArduinoLibraries.a(queue.o)
 .text.hot.prvCopyDataFromQueue
                0x0000000000001820       0x32 /home/nico/eclipse-workspace/free-rtos-demo/libArduinoLibraries.a(queue.o)
 .text.hot.prvUnlockQueue
                0x0000000000001852       0x74 /home/nico/eclipse-workspace/free-rtos-demo/libArduinoLibraries.a(queue.o)
 .text.hot.xQueueGenericReset
                0x00000000000018c6       0x86 /home/nico/eclipse-workspace/free-rtos-demo/libArduinoLibraries.a(queue.o)
                0x00000000000018c6                xQueueGenericReset
 .text.hot.xQueueGenericCreate
                0x000000000000194c       0x4c /home/nico/eclipse-workspace/free-rtos-demo/libArduinoLibraries.a(queue.o)
                0x000000000000194c                xQueueGenericCreate
 .text.hot.xQueueGenericSend
                0x0000000000001998      0x116 /home/nico/eclipse-workspace/free-rtos-demo/libArduinoLibraries.a(queue.o)
                0x0000000000001998                xQueueGenericSend
 .text.hot.xQueueReceive
                0x0000000000001aae      0x10a /home/nico/eclipse-workspace/free-rtos-demo/libArduinoLibraries.a(queue.o)
                0x0000000000001aae                xQueueReceive
 .text.hot.vQueueWaitForMessageRestricted
                0x0000000000001bb8       0x34 /home/nico/eclipse-workspace/free-rtos-demo/libArduinoLibraries.a(queue.o)
                0x0000000000001bb8                vQueueWaitForMessageRestricted
 .text._ZN14HardwareSerial9availableEv
                0x0000000000001bec       0x24 /home/nico/eclipse-workspace/free-rtos-demo/libArduinoCore.a(HardwareSerial.o)
                0x0000000000001bec                _ZN14HardwareSerial9availableEv
 .text._ZN14HardwareSerial4peekEv
                0x0000000000001c10       0x2e /home/nico/eclipse-workspace/free-rtos-demo/libArduinoCore.a(HardwareSerial.o)
                0x0000000000001c10                _ZN14HardwareSerial4peekEv
 .text._ZN14HardwareSerial4readEv
                0x0000000000001c3e       0x40 /home/nico/eclipse-workspace/free-rtos-demo/libArduinoCore.a(HardwareSerial.o)
                0x0000000000001c3e                _ZN14HardwareSerial4readEv
 .text._ZN14HardwareSerial5flushEv
                0x0000000000001c7e       0x1e /home/nico/eclipse-workspace/free-rtos-demo/libArduinoCore.a(HardwareSerial.o)
                0x0000000000001c7e                _ZN14HardwareSerial5flushEv
 .text._ZN14HardwareSerial5writeEh
                0x0000000000001c9c       0x2c /home/nico/eclipse-workspace/free-rtos-demo/libArduinoCore.a(HardwareSerial.o)
                0x0000000000001c9c                _ZN14HardwareSerial5writeEh
 .text.__vector_18
                0x0000000000001cc8       0x6a /home/nico/eclipse-workspace/free-rtos-demo/libArduinoCore.a(HardwareSerial.o)
                0x0000000000001cc8                __vector_18
 .text._ZN14HardwareSerial5beginEl
                0x0000000000001d32       0xaa /home/nico/eclipse-workspace/free-rtos-demo/libArduinoCore.a(HardwareSerial.o)
                0x0000000000001d32                _ZN14HardwareSerial5beginEl
 .text.startup._GLOBAL__sub_I_rx_buffer
                0x0000000000001ddc       0x52 /home/nico/eclipse-workspace/free-rtos-demo/libArduinoCore.a(HardwareSerial.o)
 .text._ZN5Print5writeEPKc
                0x0000000000001e2e       0x30 /home/nico/eclipse-workspace/free-rtos-demo/libArduinoCore.a(Print.o)
                0x0000000000001e2e                _ZN5Print5writeEPKc
 .text._ZN5Print5writeEPKhj
                0x0000000000001e5e       0x3e /home/nico/eclipse-workspace/free-rtos-demo/libArduinoCore.a(Print.o)
                0x0000000000001e5e                _ZN5Print5writeEPKhj
 .text._ZN5Print5printEPKc
                0x0000000000001e9c        0xe /home/nico/eclipse-workspace/free-rtos-demo/libArduinoCore.a(Print.o)
                0x0000000000001e9c                _ZN5Print5printEPKc
 .text._ZN5Print11printNumberEmh
                0x0000000000001eaa      0x122 /home/nico/eclipse-workspace/free-rtos-demo/libArduinoCore.a(Print.o)
                0x0000000000001eaa                _ZN5Print11printNumberEmh
 .text._ZN5Print5printEli
                0x0000000000001fcc       0x6a /home/nico/eclipse-workspace/free-rtos-demo/libArduinoCore.a(Print.o)
                0x0000000000001fcc                _ZN5Print5printEli
 .text._ZN5Print5printEci
                0x0000000000002036        0xc /home/nico/eclipse-workspace/free-rtos-demo/libArduinoCore.a(Print.o)
                0x0000000000002036                _ZN5Print5printEci
 .text._ZN5Print7printlnEv
                0x0000000000002042       0x1c /home/nico/eclipse-workspace/free-rtos-demo/libArduinoCore.a(Print.o)
                0x0000000000002042                _ZN5Print7printlnEv
 .text._ZN5Print7printlnEPKc
                0x000000000000205e       0x10 /home/nico/eclipse-workspace/free-rtos-demo/libArduinoCore.a(Print.o)
                0x000000000000205e                _ZN5Print7printlnEPKc
 .text._ZN5Print5printEii
                0x000000000000206e        0xc /home/nico/eclipse-workspace/free-rtos-demo/libArduinoCore.a(Print.o)
                0x000000000000206e                _ZN5Print5printEii
 .text._ZN5Print5printEmi
                0x000000000000207a       0x18 /home/nico/eclipse-workspace/free-rtos-demo/libArduinoCore.a(Print.o)
                0x000000000000207a                _ZN5Print5printEmi
 .text._ZN5Print5printEji
                0x0000000000002092        0xa /home/nico/eclipse-workspace/free-rtos-demo/libArduinoCore.a(Print.o)
                0x0000000000002092                _ZN5Print5printEji
 .text._ZN5Print7printlnEji
                0x000000000000209c       0x10 /home/nico/eclipse-workspace/free-rtos-demo/libArduinoCore.a(Print.o)
                0x000000000000209c                _ZN5Print7printlnEji
 .text.__vector_16
                0x00000000000020ac       0x94 /home/nico/eclipse-workspace/free-rtos-demo/libArduinoCore.a(wiring.o)
                0x00000000000020ac                __vector_16
 .text.turnOffPWM
                0x0000000000002140       0x52 /home/nico/eclipse-workspace/free-rtos-demo/libArduinoCore.a(wiring_digital.o)
 .text.pinMode  0x0000000000002192       0x42 /home/nico/eclipse-workspace/free-rtos-demo/libArduinoCore.a(wiring_digital.o)
                0x0000000000002192                pinMode
 .text.digitalWrite
                0x00000000000021d4       0x5e /home/nico/eclipse-workspace/free-rtos-demo/libArduinoCore.a(wiring_digital.o)
                0x00000000000021d4                digitalWrite
 .text.digitalRead
                0x0000000000002232       0x50 /home/nico/eclipse-workspace/free-rtos-demo/libArduinoCore.a(wiring_digital.o)
                0x0000000000002232                digitalRead
 .text.libgcc.div
                0x0000000000002282       0x28 /usr/lib/gcc/avr/7.3.0/avr5/libgcc.a(_udivmodhi4.o)
                0x0000000000002282                __udivmodhi4
 .text.libgcc.div
                0x00000000000022aa       0x26 /usr/lib/gcc/avr/7.3.0/avr5/libgcc.a(_divmodhi4.o)
                0x00000000000022aa                __divmodhi4
                0x00000000000022aa                _div
 .text.libgcc.div
                0x00000000000022d0       0x44 /usr/lib/gcc/avr/7.3.0/avr5/libgcc.a(_udivmodsi4.o)
                0x00000000000022d0                __udivmodsi4
 .text.libgcc   0x0000000000002314        0xc /usr/lib/gcc/avr/7.3.0/avr5/libgcc.a(_tablejump2.o)
                0x0000000000002314                __tablejump2__
 .text.avr-libc
                0x0000000000002320      0x24a /usr/lib/gcc/avr/7.3.0/../../../avr/lib/avr5/libc.a(malloc.o)
                0x0000000000002320                malloc
                0x0000000000002458                free
 .text.avr-libc
                0x000000000000256a       0x12 /usr/lib/gcc/avr/7.3.0/../../../avr/lib/avr5/libc.a(memcpy.o)
                0x000000000000256a                memcpy
 .text.avr-libc
                0x000000000000257c        0xe /usr/lib/gcc/avr/7.3.0/../../../avr/lib/avr5/libc.a(memset.o)
                0x000000000000257c                memset
                0x000000000000258a                . = ALIGN (0x2)
 *(.fini9)
 .fini9         0x000000000000258a        0x0 /usr/lib/gcc/avr/7.3.0/avr5/libgcc.a(_exit.o)
                0x000000000000258a                exit
                0x000000000000258a                _exit
 *(.fini9)
 *(.fini8)
 *(.fini8)
 *(.fini7)
 *(.fini7)
 *(.fini6)
 *(.fini6)
 *(.fini5)
 *(.fini5)
 *(.fini4)
 *(.fini4)
 *(.fini3)
 *(.fini3)
 *(.fini2)
 *(.fini2)
 *(.fini1)
 *(.fini1)
 *(.fini0)
 .fini0         0x000000000000258a        0x4 /usr/lib/gcc/avr/7.3.0/avr5/libgcc.a(_exit.o)
 *(.fini0)
                0x000000000000258e                _etext = .

.data           0x0000000000800100       0x7e load address 0x000000000000258e
                0x0000000000800100                PROVIDE (__data_start, .)
 *(.data)
 .data          0x0000000000800100        0x6 /usr/lib/gcc/avr/7.3.0/../../../avr/lib/avr5/libc.a(malloc.o)
                0x0000000000800100                __malloc_heap_end
                0x0000000000800102                __malloc_heap_start
                0x0000000000800104                __malloc_margin
 *(.data*)
 .data.myTimerPeriod
                0x0000000000800106        0x2 ./src/test.o
                0x0000000000800106                myTimerPeriod
 .data.uxTopUsedPriority
                0x0000000000800108        0x1 /home/nico/eclipse-workspace/free-rtos-demo/libArduinoLibraries.a(tasks.o)
 *(.gnu.linkonce.d*)
 *(.rodata)
 *(.rodata*)
 .rodata._ZL16prvTimerCallbackP10TimerDef_t.str1.1
                0x0000000000800109       0x26 ./src/test.o
 .rodata.setup.str1.1
                0x000000000080012f        0xb ./src/test.o
 .rodata.loop.str1.1
                0x000000000080013a       0x25 ./src/test.o
 .rodata.str1.1
                0x000000000080015f        0x5 /home/nico/eclipse-workspace/free-rtos-demo/libArduinoLibraries.a(tasks.o)
 .rodata.xTimerCreateTimerTask.str1.1
                0x0000000000800164        0x8 /home/nico/eclipse-workspace/free-rtos-demo/libArduinoLibraries.a(timers.o)
 .rodata._ZTV14HardwareSerial
                0x000000000080016c       0x12 /home/nico/eclipse-workspace/free-rtos-demo/libArduinoCore.a(HardwareSerial.o)
                0x000000000080016c                _ZTV14HardwareSerial
 *(.gnu.linkonce.r*)
                0x000000000080017e                . = ALIGN (0x2)
                0x000000000080017e                _edata = .
                0x000000000080017e                PROVIDE (__data_end, .)

.bss            0x000000000080017e      0x12d
                0x000000000080017e                PROVIDE (__bss_start, .)
 *(.bss)
 *(.bss*)
 .bss.prevT4state
                0x000000000080017e        0x1 ./src/test.o
                0x000000000080017e                prevT4state
 .bss.prevT1state
                0x000000000080017f        0x1 ./src/test.o
                0x000000000080017f                prevT1state
 .bss.prevT2state
                0x0000000000800180        0x1 ./src/test.o
                0x0000000000800180                prevT2state
 .bss.xTimer2Started
                0x0000000000800181        0x1 ./src/test.o
                0x0000000000800181                xTimer2Started
 .bss.xAutoReloadTimer
                0x0000000000800182        0x2 ./src/test.o
                0x0000000000800182                xAutoReloadTimer
 .bss.uxSchedulerSuspended
                0x0000000000800184        0x1 /home/nico/eclipse-workspace/free-rtos-demo/libArduinoLibraries.a(tasks.o)
 .bss.xIdleTaskHandles
                0x0000000000800185        0x2 /home/nico/eclipse-workspace/free-rtos-demo/libArduinoLibraries.a(tasks.o)
 .bss.xNextTaskUnblockTime
                0x0000000000800187        0x2 /home/nico/eclipse-workspace/free-rtos-demo/libArduinoLibraries.a(tasks.o)
 .bss.uxTaskNumber
                0x0000000000800189        0x1 /home/nico/eclipse-workspace/free-rtos-demo/libArduinoLibraries.a(tasks.o)
 .bss.xNumOfOverflows
                0x000000000080018a        0x1 /home/nico/eclipse-workspace/free-rtos-demo/libArduinoLibraries.a(tasks.o)
 .bss.xYieldPendings
                0x000000000080018b        0x1 /home/nico/eclipse-workspace/free-rtos-demo/libArduinoLibraries.a(tasks.o)
 .bss.xPendedTicks
                0x000000000080018c        0x2 /home/nico/eclipse-workspace/free-rtos-demo/libArduinoLibraries.a(tasks.o)
 .bss.xSchedulerRunning
                0x000000000080018e        0x1 /home/nico/eclipse-workspace/free-rtos-demo/libArduinoLibraries.a(tasks.o)
 .bss.uxTopReadyPriority
                0x000000000080018f        0x1 /home/nico/eclipse-workspace/free-rtos-demo/libArduinoLibraries.a(tasks.o)
 .bss.xTickCount
                0x0000000000800190        0x2 /home/nico/eclipse-workspace/free-rtos-demo/libArduinoLibraries.a(tasks.o)
 .bss.uxCurrentNumberOfTasks
                0x0000000000800192        0x1 /home/nico/eclipse-workspace/free-rtos-demo/libArduinoLibraries.a(tasks.o)
 .bss.xSuspendedTaskList
                0x0000000000800193        0x9 /home/nico/eclipse-workspace/free-rtos-demo/libArduinoLibraries.a(tasks.o)
 .bss.uxDeletedTasksWaitingCleanUp
                0x000000000080019c        0x1 /home/nico/eclipse-workspace/free-rtos-demo/libArduinoLibraries.a(tasks.o)
 .bss.xTasksWaitingTermination
                0x000000000080019d        0x9 /home/nico/eclipse-workspace/free-rtos-demo/libArduinoLibraries.a(tasks.o)
 .bss.xPendingReadyList
                0x00000000008001a6        0x9 /home/nico/eclipse-workspace/free-rtos-demo/libArduinoLibraries.a(tasks.o)
 .bss.pxOverflowDelayedTaskList
                0x00000000008001af        0x2 /home/nico/eclipse-workspace/free-rtos-demo/libArduinoLibraries.a(tasks.o)
 .bss.pxDelayedTaskList
                0x00000000008001b1        0x2 /home/nico/eclipse-workspace/free-rtos-demo/libArduinoLibraries.a(tasks.o)
 .bss.xDelayedTaskList2
                0x00000000008001b3        0x9 /home/nico/eclipse-workspace/free-rtos-demo/libArduinoLibraries.a(tasks.o)
 .bss.xDelayedTaskList1
                0x00000000008001bc        0x9 /home/nico/eclipse-workspace/free-rtos-demo/libArduinoLibraries.a(tasks.o)
 .bss.pxReadyTasksLists
                0x00000000008001c5       0x24 /home/nico/eclipse-workspace/free-rtos-demo/libArduinoLibraries.a(tasks.o)
 .bss.pxCurrentTCB
                0x00000000008001e9        0x2 /home/nico/eclipse-workspace/free-rtos-demo/libArduinoLibraries.a(tasks.o)
                0x00000000008001e9                pxCurrentTCB
 .bss.xLastTime.2296
                0x00000000008001eb        0x2 /home/nico/eclipse-workspace/free-rtos-demo/libArduinoLibraries.a(timers.o)
 .bss.xTimerTaskHandle
                0x00000000008001ed        0x2 /home/nico/eclipse-workspace/free-rtos-demo/libArduinoLibraries.a(timers.o)
 .bss.xTimerQueue
                0x00000000008001ef        0x2 /home/nico/eclipse-workspace/free-rtos-demo/libArduinoLibraries.a(timers.o)
 .bss.pxOverflowTimerList
                0x00000000008001f1        0x2 /home/nico/eclipse-workspace/free-rtos-demo/libArduinoLibraries.a(timers.o)
 .bss.pxCurrentTimerList
                0x00000000008001f3        0x2 /home/nico/eclipse-workspace/free-rtos-demo/libArduinoLibraries.a(timers.o)
 .bss.xActiveTimerList2
                0x00000000008001f5        0x9 /home/nico/eclipse-workspace/free-rtos-demo/libArduinoLibraries.a(timers.o)
 .bss.xActiveTimerList1
                0x00000000008001fe        0x9 /home/nico/eclipse-workspace/free-rtos-demo/libArduinoLibraries.a(timers.o)
 .bss.Serial    0x0000000000800207       0x13 /home/nico/eclipse-workspace/free-rtos-demo/libArduinoCore.a(HardwareSerial.o)
                0x0000000000800207                Serial
 .bss.rx_buffer
                0x000000000080021a       0x84 /home/nico/eclipse-workspace/free-rtos-demo/libArduinoCore.a(HardwareSerial.o)
                0x000000000080021a                rx_buffer
 .bss.timer0_fract
                0x000000000080029e        0x1 /home/nico/eclipse-workspace/free-rtos-demo/libArduinoCore.a(wiring.o)
 .bss.timer0_millis
                0x000000000080029f        0x4 /home/nico/eclipse-workspace/free-rtos-demo/libArduinoCore.a(wiring.o)
                0x000000000080029f                timer0_millis
 .bss.timer0_overflow_count
                0x00000000008002a3        0x4 /home/nico/eclipse-workspace/free-rtos-demo/libArduinoCore.a(wiring.o)
                0x00000000008002a3                timer0_overflow_count
 *(COMMON)
 COMMON         0x00000000008002a7        0x4 /usr/lib/gcc/avr/7.3.0/../../../avr/lib/avr5/libc.a(malloc.o)
                0x00000000008002a7                __brkval
                0x00000000008002a9                __flp
                0x00000000008002ab                PROVIDE (__bss_end, .)
                0x000000000000258e                __data_load_start = LOADADDR (.data)
                0x000000000000260c                __data_load_end = (__data_load_start + SIZEOF (.data))

.noinit         0x00000000008002ab        0x0
                [!provide]                        PROVIDE (__noinit_start, .)
 *(.noinit*)
                [!provide]                        PROVIDE (__noinit_end, .)
                0x00000000008002ab                _end = .
                0x00000000008002ab                PROVIDE (__heap_start, .)

.eeprom         0x0000000000810000        0x0
 *(.eeprom*)
                0x0000000000810000                __eeprom_end = .

.fuse
 *(.fuse)
 *(.lfuse)
 *(.hfuse)
 *(.efuse)

.lock
 *(.lock*)

.signature
 *(.signature*)

.user_signatures
 *(.user_signatures*)

.stab
 *(.stab)

.stabstr
 *(.stabstr)

.stab.excl
 *(.stab.excl)

.stab.exclstr
 *(.stab.exclstr)

.stab.index
 *(.stab.index)

.stab.indexstr
 *(.stab.indexstr)

.comment        0x0000000000000000       0x11
 *(.comment)
 .comment       0x0000000000000000       0x11 ./src/test.o
                                         0x12 (size before relaxing)
 .comment       0x0000000000000011       0x12 /home/nico/eclipse-workspace/free-rtos-demo/libArduinoLibraries.a(tasks.o)
 .comment       0x0000000000000011       0x12 /home/nico/eclipse-workspace/free-rtos-demo/libArduinoLibraries.a(timers.o)
 .comment       0x0000000000000011       0x12 /home/nico/eclipse-workspace/free-rtos-demo/libArduinoLibraries.a(variantHooks.o)
 .comment       0x0000000000000011       0x12 /home/nico/eclipse-workspace/free-rtos-demo/libArduinoLibraries.a(heap_3.o)
 .comment       0x0000000000000011       0x12 /home/nico/eclipse-workspace/free-rtos-demo/libArduinoLibraries.a(list.o)
 .comment       0x0000000000000011       0x12 /home/nico/eclipse-workspace/free-rtos-demo/libArduinoLibraries.a(port.o)
 .comment       0x0000000000000011       0x12 /home/nico/eclipse-workspace/free-rtos-demo/libArduinoLibraries.a(queue.o)
 .comment       0x0000000000000011       0x12 /home/nico/eclipse-workspace/free-rtos-demo/libArduinoCore.a(HardwareSerial.o)
 .comment       0x0000000000000011       0x12 /home/nico/eclipse-workspace/free-rtos-demo/libArduinoCore.a(Print.o)
 .comment       0x0000000000000011       0x12 /home/nico/eclipse-workspace/free-rtos-demo/libArduinoCore.a(wiring.o)
 .comment       0x0000000000000011       0x12 /home/nico/eclipse-workspace/free-rtos-demo/libArduinoCore.a(wiring_digital.o)
 .comment       0x0000000000000011       0x12 /home/nico/eclipse-workspace/free-rtos-demo/libArduinoCore.a(pins_arduino.o)
 .comment       0x0000000000000011       0x12 /usr/lib/gcc/avr/7.3.0/../../../avr/lib/avr5/libc.a(malloc.o)

.note.gnu.avr.deviceinfo
                0x0000000000000000       0x40
 .note.gnu.avr.deviceinfo
                0x0000000000000000       0x40 /usr/lib/gcc/avr/7.3.0/../../../avr/lib/avr5/crtatmega328p.o

.note.gnu.build-id
 *(.note.gnu.build-id)

.debug
 *(.debug)

.line
 *(.line)

.debug_srcinfo
 *(.debug_srcinfo)

.debug_sfnames
 *(.debug_sfnames)

.debug_aranges
 *(.debug_aranges)

.debug_pubnames
 *(.debug_pubnames)

.debug_info     0x0000000000000000      0x5f4
 *(.debug_info .gnu.linkonce.wi.*)
 .debug_info    0x0000000000000000      0x5f4 /usr/lib/gcc/avr/7.3.0/../../../avr/lib/avr5/crtatmega328p.o

.debug_abbrev   0x0000000000000000      0x5a2
 *(.debug_abbrev)
 .debug_abbrev  0x0000000000000000      0x5a2 /usr/lib/gcc/avr/7.3.0/../../../avr/lib/avr5/crtatmega328p.o

.debug_line     0x0000000000000000       0x1a
 *(.debug_line .debug_line.* .debug_line_end)
 .debug_line    0x0000000000000000       0x1a /usr/lib/gcc/avr/7.3.0/../../../avr/lib/avr5/crtatmega328p.o

.debug_frame
 *(.debug_frame)

.debug_str      0x0000000000000000      0x208
 *(.debug_str)
 .debug_str     0x0000000000000000      0x208 /usr/lib/gcc/avr/7.3.0/../../../avr/lib/avr5/crtatmega328p.o

.debug_loc
 *(.debug_loc)

.debug_macinfo
 *(.debug_macinfo)

.debug_weaknames
 *(.debug_weaknames)

.debug_funcnames
 *(.debug_funcnames)

.debug_typenames
 *(.debug_typenames)

.debug_varnames
 *(.debug_varnames)

.debug_pubtypes
 *(.debug_pubtypes)

.debug_ranges
 *(.debug_ranges)

.debug_macro
 *(.debug_macro)
OUTPUT(free-rtos-demo.elf elf32-avr)
LOAD linker stubs

Cross Reference Table

Symbol                                            File
Serial                                            /home/nico/eclipse-workspace/free-rtos-demo/libArduinoCore.a(HardwareSerial.o)
                                                  ./src/test.o
_Z15prvBlinkMainLedv                              /home/nico/eclipse-workspace/free-rtos-demo/libArduinoLibraries.a(variantHooks.o)
_Z15prvSetMainLedOnv                              /home/nico/eclipse-workspace/free-rtos-demo/libArduinoLibraries.a(variantHooks.o)
_ZN14HardwareSerial3endEv                         /home/nico/eclipse-workspace/free-rtos-demo/libArduinoCore.a(HardwareSerial.o)
_ZN14HardwareSerial4peekEv                        /home/nico/eclipse-workspace/free-rtos-demo/libArduinoCore.a(HardwareSerial.o)
_ZN14HardwareSerial4readEv                        /home/nico/eclipse-workspace/free-rtos-demo/libArduinoCore.a(HardwareSerial.o)
_ZN14HardwareSerial5beginEl                       /home/nico/eclipse-workspace/free-rtos-demo/libArduinoCore.a(HardwareSerial.o)
                                                  ./src/test.o
_ZN14HardwareSerial5flushEv                       /home/nico/eclipse-workspace/free-rtos-demo/libArduinoCore.a(HardwareSerial.o)
_ZN14HardwareSerial5writeEh                       /home/nico/eclipse-workspace/free-rtos-demo/libArduinoCore.a(HardwareSerial.o)
_ZN14HardwareSerial9availableEv                   /home/nico/eclipse-workspace/free-rtos-demo/libArduinoCore.a(HardwareSerial.o)
_ZN14HardwareSerialC1EP11ring_bufferPVhS3_S3_S3_S3_hhhhh /home/nico/eclipse-workspace/free-rtos-demo/libArduinoCore.a(HardwareSerial.o)
_ZN14HardwareSerialC2EP11ring_bufferPVhS3_S3_S3_S3_hhhhh /home/nico/eclipse-workspace/free-rtos-demo/libArduinoCore.a(HardwareSerial.o)
_ZN5Print10printFloatEdh                          /home/nico/eclipse-workspace/free-rtos-demo/libArduinoCore.a(Print.o)
_ZN5Print11printNumberEmh                         /home/nico/eclipse-workspace/free-rtos-demo/libArduinoCore.a(Print.o)
_ZN5Print5printEPKc                               /home/nico/eclipse-workspace/free-rtos-demo/libArduinoCore.a(Print.o)
                                                  ./src/test.o
_ZN5Print5printERK6String                         /home/nico/eclipse-workspace/free-rtos-demo/libArduinoCore.a(Print.o)
_ZN5Print5printEci                                /home/nico/eclipse-workspace/free-rtos-demo/libArduinoCore.a(Print.o)
_ZN5Print5printEdi                                /home/nico/eclipse-workspace/free-rtos-demo/libArduinoCore.a(Print.o)
_ZN5Print5printEhi                                /home/nico/eclipse-workspace/free-rtos-demo/libArduinoCore.a(Print.o)
_ZN5Print5printEii                                /home/nico/eclipse-workspace/free-rtos-demo/libArduinoCore.a(Print.o)
                                                  ./src/test.o
_ZN5Print5printEji                                /home/nico/eclipse-workspace/free-rtos-demo/libArduinoCore.a(Print.o)
_ZN5Print5printEli                                /home/nico/eclipse-workspace/free-rtos-demo/libArduinoCore.a(Print.o)
_ZN5Print5printEmi                                /home/nico/eclipse-workspace/free-rtos-demo/libArduinoCore.a(Print.o)
_ZN5Print5writeEPKc                               /home/nico/eclipse-workspace/free-rtos-demo/libArduinoCore.a(Print.o)
                                                  /home/nico/eclipse-workspace/free-rtos-demo/libArduinoCore.a(HardwareSerial.o)
_ZN5Print5writeEPKhj                              /home/nico/eclipse-workspace/free-rtos-demo/libArduinoCore.a(Print.o)
                                                  /home/nico/eclipse-workspace/free-rtos-demo/libArduinoCore.a(HardwareSerial.o)
_ZN5Print7printlnEPKc                             /home/nico/eclipse-workspace/free-rtos-demo/libArduinoCore.a(Print.o)
                                                  ./src/test.o
_ZN5Print7printlnERK6String                       /home/nico/eclipse-workspace/free-rtos-demo/libArduinoCore.a(Print.o)
_ZN5Print7printlnEci                              /home/nico/eclipse-workspace/free-rtos-demo/libArduinoCore.a(Print.o)
_ZN5Print7printlnEdi                              /home/nico/eclipse-workspace/free-rtos-demo/libArduinoCore.a(Print.o)
_ZN5Print7printlnEhi                              /home/nico/eclipse-workspace/free-rtos-demo/libArduinoCore.a(Print.o)
_ZN5Print7printlnEii                              /home/nico/eclipse-workspace/free-rtos-demo/libArduinoCore.a(Print.o)
_ZN5Print7printlnEji                              /home/nico/eclipse-workspace/free-rtos-demo/libArduinoCore.a(Print.o)
                                                  ./src/test.o
_ZN5Print7printlnEli                              /home/nico/eclipse-workspace/free-rtos-demo/libArduinoCore.a(Print.o)
_ZN5Print7printlnEmi                              /home/nico/eclipse-workspace/free-rtos-demo/libArduinoCore.a(Print.o)
_ZN5Print7printlnEv                               /home/nico/eclipse-workspace/free-rtos-demo/libArduinoCore.a(Print.o)
_ZN6String11toCharArrayEPcj                       /home/nico/eclipse-workspace/free-rtos-demo/libArduinoCore.a(WString.o)
_ZN6String5toIntEv                                /home/nico/eclipse-workspace/free-rtos-demo/libArduinoCore.a(WString.o)
_ZN6String6concatERKS_                            /home/nico/eclipse-workspace/free-rtos-demo/libArduinoCore.a(WString.o)
_ZN6String7replaceERKS_S1_                        /home/nico/eclipse-workspace/free-rtos-demo/libArduinoCore.a(WString.o)
_ZN6String7replaceEcc                             /home/nico/eclipse-workspace/free-rtos-demo/libArduinoCore.a(WString.o)
_ZN6String8getBytesEPhj                           /home/nico/eclipse-workspace/free-rtos-demo/libArduinoCore.a(WString.o)
_ZN6String9getBufferEj                            /home/nico/eclipse-workspace/free-rtos-demo/libArduinoCore.a(WString.o)
_ZN6String9setCharAtEjc                           /home/nico/eclipse-workspace/free-rtos-demo/libArduinoCore.a(WString.o)
_ZN6StringC1EPKc                                  /home/nico/eclipse-workspace/free-rtos-demo/libArduinoCore.a(WString.o)
_ZN6StringC1ERKS_                                 /home/nico/eclipse-workspace/free-rtos-demo/libArduinoCore.a(WString.o)
_ZN6StringC1Ec                                    /home/nico/eclipse-workspace/free-rtos-demo/libArduinoCore.a(WString.o)
_ZN6StringC1Eh                                    /home/nico/eclipse-workspace/free-rtos-demo/libArduinoCore.a(WString.o)
_ZN6StringC1Eii                                   /home/nico/eclipse-workspace/free-rtos-demo/libArduinoCore.a(WString.o)
_ZN6StringC1Eji                                   /home/nico/eclipse-workspace/free-rtos-demo/libArduinoCore.a(WString.o)
_ZN6StringC1Eli                                   /home/nico/eclipse-workspace/free-rtos-demo/libArduinoCore.a(WString.o)
_ZN6StringC1Emi                                   /home/nico/eclipse-workspace/free-rtos-demo/libArduinoCore.a(WString.o)
_ZN6StringC2EPKc                                  /home/nico/eclipse-workspace/free-rtos-demo/libArduinoCore.a(WString.o)
_ZN6StringC2ERKS_                                 /home/nico/eclipse-workspace/free-rtos-demo/libArduinoCore.a(WString.o)
_ZN6StringC2Ec                                    /home/nico/eclipse-workspace/free-rtos-demo/libArduinoCore.a(WString.o)
_ZN6StringC2Eh                                    /home/nico/eclipse-workspace/free-rtos-demo/libArduinoCore.a(WString.o)
_ZN6StringC2Eii                                   /home/nico/eclipse-workspace/free-rtos-demo/libArduinoCore.a(WString.o)
_ZN6StringC2Eji                                   /home/nico/eclipse-workspace/free-rtos-demo/libArduinoCore.a(WString.o)
_ZN6StringC2Eli                                   /home/nico/eclipse-workspace/free-rtos-demo/libArduinoCore.a(WString.o)
_ZN6StringC2Emi                                   /home/nico/eclipse-workspace/free-rtos-demo/libArduinoCore.a(WString.o)
_ZN6StringD1Ev                                    /home/nico/eclipse-workspace/free-rtos-demo/libArduinoCore.a(WString.o)
_ZN6StringD2Ev                                    /home/nico/eclipse-workspace/free-rtos-demo/libArduinoCore.a(WString.o)
_ZN6StringaSERKS_                                 /home/nico/eclipse-workspace/free-rtos-demo/libArduinoCore.a(WString.o)
_ZN6StringixEj                                    /home/nico/eclipse-workspace/free-rtos-demo/libArduinoCore.a(WString.o)
_ZN6StringpLERKS_                                 /home/nico/eclipse-workspace/free-rtos-demo/libArduinoCore.a(WString.o)
_ZNK6String10startsWithERKS_                      /home/nico/eclipse-workspace/free-rtos-demo/libArduinoCore.a(WString.o)
_ZNK6String10startsWithERKS_j                     /home/nico/eclipse-workspace/free-rtos-demo/libArduinoCore.a(WString.o)
_ZNK6String11lastIndexOfERKS_                     /home/nico/eclipse-workspace/free-rtos-demo/libArduinoCore.a(WString.o)
_ZNK6String11lastIndexOfERKS_j                    /home/nico/eclipse-workspace/free-rtos-demo/libArduinoCore.a(WString.o)
_ZNK6String11lastIndexOfEc                        /home/nico/eclipse-workspace/free-rtos-demo/libArduinoCore.a(WString.o)
_ZNK6String11lastIndexOfEcj                       /home/nico/eclipse-workspace/free-rtos-demo/libArduinoCore.a(WString.o)
_ZNK6String11toLowerCaseEv                        /home/nico/eclipse-workspace/free-rtos-demo/libArduinoCore.a(WString.o)
_ZNK6String11toUpperCaseEv                        /home/nico/eclipse-workspace/free-rtos-demo/libArduinoCore.a(WString.o)
_ZNK6String16equalsIgnoreCaseERKS_                /home/nico/eclipse-workspace/free-rtos-demo/libArduinoCore.a(WString.o)
_ZNK6String4trimEv                                /home/nico/eclipse-workspace/free-rtos-demo/libArduinoCore.a(WString.o)
_ZNK6String6charAtEj                              /home/nico/eclipse-workspace/free-rtos-demo/libArduinoCore.a(WString.o)
_ZNK6String6equalsERKS_                           /home/nico/eclipse-workspace/free-rtos-demo/libArduinoCore.a(WString.o)
_ZNK6String7indexOfERKS_                          /home/nico/eclipse-workspace/free-rtos-demo/libArduinoCore.a(WString.o)
_ZNK6String7indexOfERKS_j                         /home/nico/eclipse-workspace/free-rtos-demo/libArduinoCore.a(WString.o)
_ZNK6String7indexOfEc                             /home/nico/eclipse-workspace/free-rtos-demo/libArduinoCore.a(WString.o)
_ZNK6String7indexOfEcj                            /home/nico/eclipse-workspace/free-rtos-demo/libArduinoCore.a(WString.o)
_ZNK6String8endsWithERKS_                         /home/nico/eclipse-workspace/free-rtos-demo/libArduinoCore.a(WString.o)
_ZNK6String9compareToERKS_                        /home/nico/eclipse-workspace/free-rtos-demo/libArduinoCore.a(WString.o)
_ZNK6String9substringEj                           /home/nico/eclipse-workspace/free-rtos-demo/libArduinoCore.a(WString.o)
_ZNK6String9substringEjj                          /home/nico/eclipse-workspace/free-rtos-demo/libArduinoCore.a(WString.o)
_ZNK6StringeqERKS_                                /home/nico/eclipse-workspace/free-rtos-demo/libArduinoCore.a(WString.o)
_ZNK6StringgeERKS_                                /home/nico/eclipse-workspace/free-rtos-demo/libArduinoCore.a(WString.o)
_ZNK6StringgtERKS_                                /home/nico/eclipse-workspace/free-rtos-demo/libArduinoCore.a(WString.o)
_ZNK6StringixEj                                   /home/nico/eclipse-workspace/free-rtos-demo/libArduinoCore.a(WString.o)
                                                  /home/nico/eclipse-workspace/free-rtos-demo/libArduinoCore.a(Print.o)
_ZNK6StringleERKS_                                /home/nico/eclipse-workspace/free-rtos-demo/libArduinoCore.a(WString.o)
_ZNK6StringltERKS_                                /home/nico/eclipse-workspace/free-rtos-demo/libArduinoCore.a(WString.o)
_ZNK6StringneERKS_                                /home/nico/eclipse-workspace/free-rtos-demo/libArduinoCore.a(WString.o)
_ZTV14HardwareSerial                              /home/nico/eclipse-workspace/free-rtos-demo/libArduinoCore.a(HardwareSerial.o)
_ZTV5Print                                        /home/nico/eclipse-workspace/free-rtos-demo/libArduinoCore.a(Print.o)
__DATA_REGION_LENGTH__                            /usr/lib/gcc/avr/7.3.0/../../../avr/lib/avr5/crtatmega328p.o
__DATA_REGION_ORIGIN__                            /usr/lib/gcc/avr/7.3.0/../../../avr/lib/avr5/crtatmega328p.o
__EEPROM_REGION_LENGTH__                          /usr/lib/gcc/avr/7.3.0/../../../avr/lib/avr5/crtatmega328p.o
__FUSE_REGION_LENGTH__                            /usr/lib/gcc/avr/7.3.0/../../../avr/lib/avr5/crtatmega328p.o
__TEXT_REGION_LENGTH__                            /usr/lib/gcc/avr/7.3.0/../../../avr/lib/avr5/crtatmega328p.o
__addsf3                                          /usr/lib/gcc/avr/7.3.0/../../../avr/lib/avr5/libm.a(addsf3.o)
                                                  /home/nico/eclipse-workspace/free-rtos-demo/libArduinoCore.a(Print.o)
__addsf3x                                         /usr/lib/gcc/avr/7.3.0/../../../avr/lib/avr5/libm.a(addsf3x.o)
                                                  /usr/lib/gcc/avr/7.3.0/../../../avr/lib/avr5/libm.a(addsf3.o)
__bad_interrupt                                   /usr/lib/gcc/avr/7.3.0/../../../avr/lib/avr5/crtatmega328p.o
__brkval                                          /usr/lib/gcc/avr/7.3.0/../../../avr/lib/avr5/libc.a(malloc.o)
                                                  /usr/lib/gcc/avr/7.3.0/../../../avr/lib/avr5/libc.a(realloc.o)
__bss_end                                         /usr/lib/gcc/avr/7.3.0/avr5/libgcc.a(_clear_bss.o)
__bss_start                                       /usr/lib/gcc/avr/7.3.0/avr5/libgcc.a(_clear_bss.o)
__cmpsf2                                          /usr/lib/gcc/avr/7.3.0/../../../avr/lib/avr5/libm.a(cmpsf2.o)
__ctors_end                                       /usr/lib/gcc/avr/7.3.0/avr5/libgcc.a(_ctors.o)
__ctors_start                                     /usr/lib/gcc/avr/7.3.0/avr5/libgcc.a(_ctors.o)
__ctype_isfalse                                   /usr/lib/gcc/avr/7.3.0/../../../avr/lib/avr5/libc.a(cty_isfalse.o)
                                                  /usr/lib/gcc/avr/7.3.0/../../../avr/lib/avr5/libc.a(isspace.o)
__ctype_istrue                                    /usr/lib/gcc/avr/7.3.0/../../../avr/lib/avr5/libc.a(cty_isfalse.o)
__cxa_pure_virtual                                /home/nico/eclipse-workspace/free-rtos-demo/libArduinoCore.a(Print.o)
__data_end                                        /usr/lib/gcc/avr/7.3.0/avr5/libgcc.a(_copy_data.o)
__data_load_start                                 /usr/lib/gcc/avr/7.3.0/avr5/libgcc.a(_copy_data.o)
__data_start                                      /usr/lib/gcc/avr/7.3.0/avr5/libgcc.a(_copy_data.o)
__divmodhi4                                       /usr/lib/gcc/avr/7.3.0/avr5/libgcc.a(_divmodhi4.o)
                                                  ./src/test.o
__divsf3                                          /usr/lib/gcc/avr/7.3.0/../../../avr/lib/avr5/libm.a(divsf3.o)
                                                  /home/nico/eclipse-workspace/free-rtos-demo/libArduinoCore.a(Print.o)
__divsf3_pse                                      /usr/lib/gcc/avr/7.3.0/../../../avr/lib/avr5/libm.a(divsf3x.o)
__divsf3x                                         /usr/lib/gcc/avr/7.3.0/../../../avr/lib/avr5/libm.a(divsf3x.o)
                                                  /usr/lib/gcc/avr/7.3.0/../../../avr/lib/avr5/libm.a(divsf3.o)
__do_clear_bss                                    /usr/lib/gcc/avr/7.3.0/avr5/libgcc.a(_clear_bss.o)
                                                  /usr/lib/gcc/avr/7.3.0/../../../avr/lib/avr5/libc.a(malloc.o)
                                                  /home/nico/eclipse-workspace/free-rtos-demo/libArduinoCore.a(wiring.o)
                                                  /home/nico/eclipse-workspace/free-rtos-demo/libArduinoCore.a(WString.o)
                                                  /home/nico/eclipse-workspace/free-rtos-demo/libArduinoCore.a(HardwareSerial.o)
                                                  /home/nico/eclipse-workspace/free-rtos-demo/libArduinoLibraries.a(port.o)
                                                  /home/nico/eclipse-workspace/free-rtos-demo/libArduinoLibraries.a(timers.o)
                                                  /home/nico/eclipse-workspace/free-rtos-demo/libArduinoLibraries.a(tasks.o)
                                                  ./src/test.o
__do_copy_data                                    /usr/lib/gcc/avr/7.3.0/avr5/libgcc.a(_copy_data.o)
                                                  /usr/lib/gcc/avr/7.3.0/../../../avr/lib/avr5/libc.a(malloc.o)
                                                  /home/nico/eclipse-workspace/free-rtos-demo/libArduinoCore.a(WString.o)
                                                  /home/nico/eclipse-workspace/free-rtos-demo/libArduinoCore.a(Print.o)
                                                  /home/nico/eclipse-workspace/free-rtos-demo/libArduinoCore.a(HardwareSerial.o)
                                                  /home/nico/eclipse-workspace/free-rtos-demo/libArduinoLibraries.a(timers.o)
                                                  /home/nico/eclipse-workspace/free-rtos-demo/libArduinoLibraries.a(tasks.o)
                                                  ./src/test.o
__do_global_ctors                                 /usr/lib/gcc/avr/7.3.0/avr5/libgcc.a(_ctors.o)
                                                  /home/nico/eclipse-workspace/free-rtos-demo/libArduinoCore.a(HardwareSerial.o)
__epilogue_restores__                             /usr/lib/gcc/avr/7.3.0/avr5/libgcc.a(_epilogue.o)
                                                  /usr/lib/gcc/avr/7.3.0/../../../avr/lib/avr5/libc.a(realloc.o)
__eqsf2                                           /usr/lib/gcc/avr/7.3.0/../../../avr/lib/avr5/libm.a(cmpsf2.o)
__fixsfsi                                         /usr/lib/gcc/avr/7.3.0/../../../avr/lib/avr5/libm.a(fixsfsi.o)
                                                  /home/nico/eclipse-workspace/free-rtos-demo/libArduinoCore.a(Print.o)
__fixunssfsi                                      /usr/lib/gcc/avr/7.3.0/../../../avr/lib/avr5/libm.a(fixunssfsi.o)
                                                  /usr/lib/gcc/avr/7.3.0/../../../avr/lib/avr5/libm.a(fixsfsi.o)
                                                  /home/nico/eclipse-workspace/free-rtos-demo/libArduinoCore.a(Print.o)
__floatsisf                                       /usr/lib/gcc/avr/7.3.0/../../../avr/lib/avr5/libm.a(floatsisf.o)
                                                  /home/nico/eclipse-workspace/free-rtos-demo/libArduinoCore.a(Print.o)
__floatunsisf                                     /usr/lib/gcc/avr/7.3.0/../../../avr/lib/avr5/libm.a(floatsisf.o)
                                                  /home/nico/eclipse-workspace/free-rtos-demo/libArduinoCore.a(Print.o)
__flp                                             /usr/lib/gcc/avr/7.3.0/../../../avr/lib/avr5/libc.a(malloc.o)
                                                  /usr/lib/gcc/avr/7.3.0/../../../avr/lib/avr5/libc.a(realloc.o)
__fp_cmp                                          /usr/lib/gcc/avr/7.3.0/../../../avr/lib/avr5/libm.a(fp_cmp.o)
                                                  /usr/lib/gcc/avr/7.3.0/../../../avr/lib/avr5/libm.a(cmpsf2.o)
__fp_inf                                          /usr/lib/gcc/avr/7.3.0/../../../avr/lib/avr5/libm.a(fp_inf.o)
                                                  /usr/lib/gcc/avr/7.3.0/../../../avr/lib/avr5/libm.a(mulsf3x.o)
                                                  /usr/lib/gcc/avr/7.3.0/../../../avr/lib/avr5/libm.a(divsf3x.o)
                                                  /usr/lib/gcc/avr/7.3.0/../../../avr/lib/avr5/libm.a(addsf3x.o)
__fp_nan                                          /usr/lib/gcc/avr/7.3.0/../../../avr/lib/avr5/libm.a(fp_nan.o)
                                                  /usr/lib/gcc/avr/7.3.0/../../../avr/lib/avr5/libm.a(mulsf3x.o)
                                                  /usr/lib/gcc/avr/7.3.0/../../../avr/lib/avr5/libm.a(divsf3x.o)
                                                  /usr/lib/gcc/avr/7.3.0/../../../avr/lib/avr5/libm.a(addsf3x.o)
__fp_pscA                                         /usr/lib/gcc/avr/7.3.0/../../../avr/lib/avr5/libm.a(fp_pscA.o)
                                                  /usr/lib/gcc/avr/7.3.0/../../../avr/lib/avr5/libm.a(mulsf3x.o)
                                                  /usr/lib/gcc/avr/7.3.0/../../../avr/lib/avr5/libm.a(divsf3x.o)
                                                  /usr/lib/gcc/avr/7.3.0/../../../avr/lib/avr5/libm.a(addsf3x.o)
__fp_pscB                                         /usr/lib/gcc/avr/7.3.0/../../../avr/lib/avr5/libm.a(fp_pscB.o)
                                                  /usr/lib/gcc/avr/7.3.0/../../../avr/lib/avr5/libm.a(mulsf3x.o)
                                                  /usr/lib/gcc/avr/7.3.0/../../../avr/lib/avr5/libm.a(divsf3x.o)
                                                  /usr/lib/gcc/avr/7.3.0/../../../avr/lib/avr5/libm.a(addsf3x.o)
__fp_round                                        /usr/lib/gcc/avr/7.3.0/../../../avr/lib/avr5/libm.a(fp_round.o)
                                                  /usr/lib/gcc/avr/7.3.0/../../../avr/lib/avr5/libm.a(mulsf3.o)
                                                  /usr/lib/gcc/avr/7.3.0/../../../avr/lib/avr5/libm.a(divsf3.o)
                                                  /usr/lib/gcc/avr/7.3.0/../../../avr/lib/avr5/libm.a(addsf3.o)
__fp_split3                                       /usr/lib/gcc/avr/7.3.0/../../../avr/lib/avr5/libm.a(fp_split3.o)
                                                  /usr/lib/gcc/avr/7.3.0/../../../avr/lib/avr5/libm.a(mulsf3x.o)
                                                  /usr/lib/gcc/avr/7.3.0/../../../avr/lib/avr5/libm.a(divsf3x.o)
                                                  /usr/lib/gcc/avr/7.3.0/../../../avr/lib/avr5/libm.a(addsf3x.o)
__fp_splitA                                       /usr/lib/gcc/avr/7.3.0/../../../avr/lib/avr5/libm.a(fp_split3.o)
                                                  /usr/lib/gcc/avr/7.3.0/../../../avr/lib/avr5/libm.a(fixunssfsi.o)
__fp_szero                                        /usr/lib/gcc/avr/7.3.0/../../../avr/lib/avr5/libm.a(fp_zero.o)
                                                  /usr/lib/gcc/avr/7.3.0/../../../avr/lib/avr5/libm.a(mulsf3x.o)
                                                  /usr/lib/gcc/avr/7.3.0/../../../avr/lib/avr5/libm.a(fixsfsi.o)
                                                  /usr/lib/gcc/avr/7.3.0/../../../avr/lib/avr5/libm.a(divsf3x.o)
__fp_zero                                         /usr/lib/gcc/avr/7.3.0/../../../avr/lib/avr5/libm.a(fp_zero.o)
                                                  /usr/lib/gcc/avr/7.3.0/../../../avr/lib/avr5/libm.a(fixunssfsi.o)
                                                  /usr/lib/gcc/avr/7.3.0/../../../avr/lib/avr5/libm.a(addsf3x.o)
__heap_end                                        /usr/lib/gcc/avr/7.3.0/../../../avr/lib/avr5/crtatmega328p.o
                                                  /usr/lib/gcc/avr/7.3.0/../../../avr/lib/avr5/libc.a(malloc.o)
__heap_start                                      /usr/lib/gcc/avr/7.3.0/../../../avr/lib/avr5/libc.a(malloc.o)
__init                                            /usr/lib/gcc/avr/7.3.0/../../../avr/lib/avr5/crtatmega328p.o
__itoa                                            /usr/lib/gcc/avr/7.3.0/../../../avr/lib/avr5/libc.a(itoa.o)
                                                  /home/nico/eclipse-workspace/free-rtos-demo/libArduinoCore.a(WString.o)
__itoa_ncheck                                     /usr/lib/gcc/avr/7.3.0/../../../avr/lib/avr5/libc.a(itoa_ncheck.o)
                                                  /usr/lib/gcc/avr/7.3.0/../../../avr/lib/avr5/libc.a(itoa.o)
__lesf2                                           /usr/lib/gcc/avr/7.3.0/../../../avr/lib/avr5/libm.a(cmpsf2.o)
__ltoa                                            /usr/lib/gcc/avr/7.3.0/../../../avr/lib/avr5/libc.a(ltoa.o)
                                                  /home/nico/eclipse-workspace/free-rtos-demo/libArduinoCore.a(WString.o)
__ltoa_ncheck                                     /usr/lib/gcc/avr/7.3.0/../../../avr/lib/avr5/libc.a(ltoa_ncheck.o)
                                                  /usr/lib/gcc/avr/7.3.0/../../../avr/lib/avr5/libc.a(ltoa.o)
__ltsf2                                           /usr/lib/gcc/avr/7.3.0/../../../avr/lib/avr5/libm.a(cmpsf2.o)
                                                  /home/nico/eclipse-workspace/free-rtos-demo/libArduinoCore.a(Print.o)
__malloc_heap_end                                 /usr/lib/gcc/avr/7.3.0/../../../avr/lib/avr5/libc.a(malloc.o)
                                                  /usr/lib/gcc/avr/7.3.0/../../../avr/lib/avr5/libc.a(realloc.o)
                                                  /home/nico/eclipse-workspace/free-rtos-demo/libArduinoLibraries.a(variantHooks.o)
__malloc_heap_start                               /usr/lib/gcc/avr/7.3.0/../../../avr/lib/avr5/libc.a(malloc.o)
__malloc_margin                                   /usr/lib/gcc/avr/7.3.0/../../../avr/lib/avr5/libc.a(malloc.o)
                                                  /usr/lib/gcc/avr/7.3.0/../../../avr/lib/avr5/libc.a(realloc.o)
                                                  /home/nico/eclipse-workspace/free-rtos-demo/libArduinoLibraries.a(variantHooks.o)
__mulsf3                                          /usr/lib/gcc/avr/7.3.0/../../../avr/lib/avr5/libm.a(mulsf3.o)
                                                  /home/nico/eclipse-workspace/free-rtos-demo/libArduinoCore.a(Print.o)
__mulsf3_pse                                      /usr/lib/gcc/avr/7.3.0/../../../avr/lib/avr5/libm.a(mulsf3x.o)
__mulsf3x                                         /usr/lib/gcc/avr/7.3.0/../../../avr/lib/avr5/libm.a(mulsf3x.o)
                                                  /usr/lib/gcc/avr/7.3.0/../../../avr/lib/avr5/libm.a(mulsf3.o)
__mulsi_const_10                                  /usr/lib/gcc/avr/7.3.0/../../../avr/lib/avr5/libc.a(mulsi10.o)
                                                  /usr/lib/gcc/avr/7.3.0/../../../avr/lib/avr5/libc.a(atol.o)
__nesf2                                           /usr/lib/gcc/avr/7.3.0/../../../avr/lib/avr5/libm.a(cmpsf2.o)
__prologue_saves__                                /usr/lib/gcc/avr/7.3.0/avr5/libgcc.a(_prologue.o)
                                                  /usr/lib/gcc/avr/7.3.0/../../../avr/lib/avr5/libc.a(realloc.o)
__stack                                           /usr/lib/gcc/avr/7.3.0/../../../avr/lib/avr5/crtatmega328p.o
__subsf3                                          /usr/lib/gcc/avr/7.3.0/../../../avr/lib/avr5/libm.a(addsf3.o)
                                                  /home/nico/eclipse-workspace/free-rtos-demo/libArduinoCore.a(Print.o)
__tablejump2__                                    /usr/lib/gcc/avr/7.3.0/avr5/libgcc.a(_tablejump2.o)
                                                  /usr/lib/gcc/avr/7.3.0/avr5/libgcc.a(_ctors.o)
                                                  /home/nico/eclipse-workspace/free-rtos-demo/libArduinoLibraries.a(timers.o)
__udivmodhi4                                      /usr/lib/gcc/avr/7.3.0/avr5/libgcc.a(_udivmodhi4.o)
                                                  /usr/lib/gcc/avr/7.3.0/avr5/libgcc.a(_divmodhi4.o)
                                                  ./src/test.o
__udivmodsi4                                      /usr/lib/gcc/avr/7.3.0/avr5/libgcc.a(_udivmodsi4.o)
                                                  /home/nico/eclipse-workspace/free-rtos-demo/libArduinoCore.a(Print.o)
                                                  /home/nico/eclipse-workspace/free-rtos-demo/libArduinoCore.a(HardwareSerial.o)
__ultoa                                           /usr/lib/gcc/avr/7.3.0/../../../avr/lib/avr5/libc.a(ultoa.o)
                                                  /home/nico/eclipse-workspace/free-rtos-demo/libArduinoCore.a(WString.o)
__ultoa_common                                    /usr/lib/gcc/avr/7.3.0/../../../avr/lib/avr5/libc.a(ultoa_ncheck.o)
                                                  /usr/lib/gcc/avr/7.3.0/../../../avr/lib/avr5/libc.a(ltoa_ncheck.o)
__ultoa_ncheck                                    /usr/lib/gcc/avr/7.3.0/../../../avr/lib/avr5/libc.a(ultoa_ncheck.o)
                                                  /usr/lib/gcc/avr/7.3.0/../../../avr/lib/avr5/libc.a(ultoa.o)
                                                  /home/nico/eclipse-workspace/free-rtos-demo/libArduinoCore.a(WString.o)
__utoa_common                                     /usr/lib/gcc/avr/7.3.0/../../../avr/lib/avr5/libc.a(utoa_ncheck.o)
                                                  /usr/lib/gcc/avr/7.3.0/../../../avr/lib/avr5/libc.a(itoa_ncheck.o)
__utoa_ncheck                                     /usr/lib/gcc/avr/7.3.0/../../../avr/lib/avr5/libc.a(utoa_ncheck.o)
__vector_1                                        /usr/lib/gcc/avr/7.3.0/../../../avr/lib/avr5/crtatmega328p.o
__vector_10                                       /usr/lib/gcc/avr/7.3.0/../../../avr/lib/avr5/crtatmega328p.o
__vector_11                                       /usr/lib/gcc/avr/7.3.0/../../../avr/lib/avr5/crtatmega328p.o
__vector_12                                       /usr/lib/gcc/avr/7.3.0/../../../avr/lib/avr5/crtatmega328p.o
__vector_13                                       /usr/lib/gcc/avr/7.3.0/../../../avr/lib/avr5/crtatmega328p.o
__vector_14                                       /usr/lib/gcc/avr/7.3.0/../../../avr/lib/avr5/crtatmega328p.o
__vector_15                                       /usr/lib/gcc/avr/7.3.0/../../../avr/lib/avr5/crtatmega328p.o
__vector_16                                       /home/nico/eclipse-workspace/free-rtos-demo/libArduinoCore.a(wiring.o)
                                                  /usr/lib/gcc/avr/7.3.0/../../../avr/lib/avr5/crtatmega328p.o
__vector_17                                       /usr/lib/gcc/avr/7.3.0/../../../avr/lib/avr5/crtatmega328p.o
__vector_18                                       /home/nico/eclipse-workspace/free-rtos-demo/libArduinoCore.a(HardwareSerial.o)
                                                  /usr/lib/gcc/avr/7.3.0/../../../avr/lib/avr5/crtatmega328p.o
__vector_19                                       /usr/lib/gcc/avr/7.3.0/../../../avr/lib/avr5/crtatmega328p.o
__vector_2                                        /usr/lib/gcc/avr/7.3.0/../../../avr/lib/avr5/crtatmega328p.o
__vector_20                                       /usr/lib/gcc/avr/7.3.0/../../../avr/lib/avr5/crtatmega328p.o
__vector_21                                       /usr/lib/gcc/avr/7.3.0/../../../avr/lib/avr5/crtatmega328p.o
__vector_22                                       /usr/lib/gcc/avr/7.3.0/../../../avr/lib/avr5/crtatmega328p.o
__vector_23                                       /usr/lib/gcc/avr/7.3.0/../../../avr/lib/avr5/crtatmega328p.o
__vector_24                                       /usr/lib/gcc/avr/7.3.0/../../../avr/lib/avr5/crtatmega328p.o
__vector_25                                       /usr/lib/gcc/avr/7.3.0/../../../avr/lib/avr5/crtatmega328p.o
__vector_3                                        /usr/lib/gcc/avr/7.3.0/../../../avr/lib/avr5/crtatmega328p.o
__vector_4                                        /usr/lib/gcc/avr/7.3.0/../../../avr/lib/avr5/crtatmega328p.o
__vector_5                                        /usr/lib/gcc/avr/7.3.0/../../../avr/lib/avr5/crtatmega328p.o
__vector_6                                        /home/nico/eclipse-workspace/free-rtos-demo/libArduinoLibraries.a(port.o)
                                                  /usr/lib/gcc/avr/7.3.0/../../../avr/lib/avr5/crtatmega328p.o
__vector_7                                        /usr/lib/gcc/avr/7.3.0/../../../avr/lib/avr5/crtatmega328p.o
__vector_8                                        /usr/lib/gcc/avr/7.3.0/../../../avr/lib/avr5/crtatmega328p.o
__vector_9                                        /usr/lib/gcc/avr/7.3.0/../../../avr/lib/avr5/crtatmega328p.o
__vector_default                                  /usr/lib/gcc/avr/7.3.0/../../../avr/lib/avr5/crtatmega328p.o
__vectors                                         /usr/lib/gcc/avr/7.3.0/../../../avr/lib/avr5/crtatmega328p.o
_div                                              /usr/lib/gcc/avr/7.3.0/avr5/libgcc.a(_divmodhi4.o)
_exit                                             /usr/lib/gcc/avr/7.3.0/avr5/libgcc.a(_exit.o)
atol                                              /usr/lib/gcc/avr/7.3.0/../../../avr/lib/avr5/libc.a(atol.o)
                                                  /home/nico/eclipse-workspace/free-rtos-demo/libArduinoCore.a(WString.o)
delay                                             /home/nico/eclipse-workspace/free-rtos-demo/libArduinoCore.a(wiring.o)
                                                  /home/nico/eclipse-workspace/free-rtos-demo/libArduinoLibraries.a(port.o)
delayMicroseconds                                 /home/nico/eclipse-workspace/free-rtos-demo/libArduinoCore.a(wiring.o)
digitalRead                                       /home/nico/eclipse-workspace/free-rtos-demo/libArduinoCore.a(wiring_digital.o)
                                                  ./src/test.o
digitalWrite                                      /home/nico/eclipse-workspace/free-rtos-demo/libArduinoCore.a(wiring_digital.o)
                                                  ./src/test.o
digital_pin_to_bit_mask_PGM                       /home/nico/eclipse-workspace/free-rtos-demo/libArduinoCore.a(pins_arduino.o)
                                                  /home/nico/eclipse-workspace/free-rtos-demo/libArduinoCore.a(wiring_digital.o)
digital_pin_to_port_PGM                           /home/nico/eclipse-workspace/free-rtos-demo/libArduinoCore.a(pins_arduino.o)
                                                  /home/nico/eclipse-workspace/free-rtos-demo/libArduinoCore.a(wiring_digital.o)
digital_pin_to_timer_PGM                          /home/nico/eclipse-workspace/free-rtos-demo/libArduinoCore.a(pins_arduino.o)
                                                  /home/nico/eclipse-workspace/free-rtos-demo/libArduinoCore.a(wiring_digital.o)
exit                                              /usr/lib/gcc/avr/7.3.0/avr5/libgcc.a(_exit.o)
                                                  /usr/lib/gcc/avr/7.3.0/../../../avr/lib/avr5/crtatmega328p.o
free                                              /usr/lib/gcc/avr/7.3.0/../../../avr/lib/avr5/libc.a(malloc.o)
                                                  /usr/lib/gcc/avr/7.3.0/../../../avr/lib/avr5/libc.a(realloc.o)
                                                  /home/nico/eclipse-workspace/free-rtos-demo/libArduinoCore.a(WString.o)
                                                  /home/nico/eclipse-workspace/free-rtos-demo/libArduinoLibraries.a(heap_3.o)
init                                              /home/nico/eclipse-workspace/free-rtos-demo/libArduinoCore.a(wiring.o)
initVariant                                       /home/nico/eclipse-workspace/free-rtos-demo/libArduinoLibraries.a(variantHooks.o)
isspace                                           /usr/lib/gcc/avr/7.3.0/../../../avr/lib/avr5/libc.a(isspace.o)
                                                  /home/nico/eclipse-workspace/free-rtos-demo/libArduinoCore.a(WString.o)
itoa                                              /usr/lib/gcc/avr/7.3.0/../../../avr/lib/avr5/libc.a(itoa.o)
loop                                              ./src/test.o
                                                  /home/nico/eclipse-workspace/free-rtos-demo/libArduinoLibraries.a(variantHooks.o)
ltoa                                              /usr/lib/gcc/avr/7.3.0/../../../avr/lib/avr5/libc.a(ltoa.o)
main                                              ./src/test.o
                                                  /usr/lib/gcc/avr/7.3.0/../../../avr/lib/avr5/crtatmega328p.o
malloc                                            /usr/lib/gcc/avr/7.3.0/../../../avr/lib/avr5/libc.a(malloc.o)
                                                  /usr/lib/gcc/avr/7.3.0/../../../avr/lib/avr5/libc.a(realloc.o)
                                                  /home/nico/eclipse-workspace/free-rtos-demo/libArduinoCore.a(WString.o)
                                                  /home/nico/eclipse-workspace/free-rtos-demo/libArduinoLibraries.a(heap_3.o)
memcpy                                            /usr/lib/gcc/avr/7.3.0/../../../avr/lib/avr5/libc.a(memcpy.o)
                                                  /usr/lib/gcc/avr/7.3.0/../../../avr/lib/avr5/libc.a(realloc.o)
                                                  /home/nico/eclipse-workspace/free-rtos-demo/libArduinoLibraries.a(queue.o)
memset                                            /usr/lib/gcc/avr/7.3.0/../../../avr/lib/avr5/libc.a(memset.o)
                                                  /home/nico/eclipse-workspace/free-rtos-demo/libArduinoLibraries.a(tasks.o)
micros                                            /home/nico/eclipse-workspace/free-rtos-demo/libArduinoCore.a(wiring.o)
millis                                            /home/nico/eclipse-workspace/free-rtos-demo/libArduinoCore.a(wiring.o)
myTimerPeriod                                     ./src/test.o
pcTaskGetName                                     /home/nico/eclipse-workspace/free-rtos-demo/libArduinoLibraries.a(tasks.o)
pcTimerGetName                                    /home/nico/eclipse-workspace/free-rtos-demo/libArduinoLibraries.a(timers.o)
pinMode                                           /home/nico/eclipse-workspace/free-rtos-demo/libArduinoCore.a(wiring_digital.o)
                                                  ./src/test.o
portTickRateHz                                    /home/nico/eclipse-workspace/free-rtos-demo/libArduinoLibraries.a(port.o)
port_to_input_PGM                                 /home/nico/eclipse-workspace/free-rtos-demo/libArduinoCore.a(pins_arduino.o)
                                                  /home/nico/eclipse-workspace/free-rtos-demo/libArduinoCore.a(wiring_digital.o)
port_to_mode_PGM                                  /home/nico/eclipse-workspace/free-rtos-demo/libArduinoCore.a(pins_arduino.o)
                                                  /home/nico/eclipse-workspace/free-rtos-demo/libArduinoCore.a(wiring_digital.o)
port_to_output_PGM                                /home/nico/eclipse-workspace/free-rtos-demo/libArduinoCore.a(pins_arduino.o)
                                                  /home/nico/eclipse-workspace/free-rtos-demo/libArduinoCore.a(wiring_digital.o)
prevT1state                                       ./src/test.o
prevT2state                                       ./src/test.o
prevT4state                                       ./src/test.o
prvSetupTimerInterrupt                            /home/nico/eclipse-workspace/free-rtos-demo/libArduinoLibraries.a(port.o)
pvPortMalloc                                      /home/nico/eclipse-workspace/free-rtos-demo/libArduinoLibraries.a(heap_3.o)
                                                  /home/nico/eclipse-workspace/free-rtos-demo/libArduinoLibraries.a(queue.o)
                                                  /home/nico/eclipse-workspace/free-rtos-demo/libArduinoLibraries.a(timers.o)
                                                  /home/nico/eclipse-workspace/free-rtos-demo/libArduinoLibraries.a(tasks.o)
pvTaskIncrementMutexHeldCount                     /home/nico/eclipse-workspace/free-rtos-demo/libArduinoLibraries.a(tasks.o)
                                                  /home/nico/eclipse-workspace/free-rtos-demo/libArduinoLibraries.a(queue.o)
pvTimerGetTimerID                                 /home/nico/eclipse-workspace/free-rtos-demo/libArduinoLibraries.a(timers.o)
                                                  ./src/test.o
pxCurrentTCB                                      /home/nico/eclipse-workspace/free-rtos-demo/libArduinoLibraries.a(tasks.o)
                                                  /home/nico/eclipse-workspace/free-rtos-demo/libArduinoLibraries.a(port.o)
pxPortInitialiseStack                             /home/nico/eclipse-workspace/free-rtos-demo/libArduinoLibraries.a(port.o)
                                                  /home/nico/eclipse-workspace/free-rtos-demo/libArduinoLibraries.a(tasks.o)
realloc                                           /usr/lib/gcc/avr/7.3.0/../../../avr/lib/avr5/libc.a(realloc.o)
                                                  /home/nico/eclipse-workspace/free-rtos-demo/libArduinoCore.a(WString.o)
rx_buffer                                         /home/nico/eclipse-workspace/free-rtos-demo/libArduinoCore.a(HardwareSerial.o)
setup                                             ./src/test.o
                                                  /home/nico/eclipse-workspace/free-rtos-demo/libArduinoLibraries.a(variantHooks.o)
strcat                                            /usr/lib/gcc/avr/7.3.0/../../../avr/lib/avr5/libc.a(strcat.o)
                                                  /home/nico/eclipse-workspace/free-rtos-demo/libArduinoCore.a(WString.o)
strchr                                            /usr/lib/gcc/avr/7.3.0/../../../avr/lib/avr5/libc.a(strchr.o)
                                                  /home/nico/eclipse-workspace/free-rtos-demo/libArduinoCore.a(WString.o)
strcmp                                            /usr/lib/gcc/avr/7.3.0/../../../avr/lib/avr5/libc.a(strcmp.o)
                                                  /home/nico/eclipse-workspace/free-rtos-demo/libArduinoCore.a(WString.o)
strcpy                                            /usr/lib/gcc/avr/7.3.0/../../../avr/lib/avr5/libc.a(strcpy.o)
                                                  /home/nico/eclipse-workspace/free-rtos-demo/libArduinoCore.a(WString.o)
strncmp                                           /usr/lib/gcc/avr/7.3.0/../../../avr/lib/avr5/libc.a(strncmp.o)
                                                  /home/nico/eclipse-workspace/free-rtos-demo/libArduinoCore.a(WString.o)
strncpy                                           /usr/lib/gcc/avr/7.3.0/../../../avr/lib/avr5/libc.a(strncpy.o)
                                                  /home/nico/eclipse-workspace/free-rtos-demo/libArduinoCore.a(WString.o)
strrchr                                           /usr/lib/gcc/avr/7.3.0/../../../avr/lib/avr5/libc.a(strrchr.o)
                                                  /home/nico/eclipse-workspace/free-rtos-demo/libArduinoCore.a(WString.o)
strrev                                            /usr/lib/gcc/avr/7.3.0/../../../avr/lib/avr5/libc.a(strrev.o)
                                                  /usr/lib/gcc/avr/7.3.0/../../../avr/lib/avr5/libc.a(utoa_ncheck.o)
                                                  /usr/lib/gcc/avr/7.3.0/../../../avr/lib/avr5/libc.a(ultoa_ncheck.o)
strstr                                            /usr/lib/gcc/avr/7.3.0/../../../avr/lib/avr5/libc.a(strstr.o)
                                                  /home/nico/eclipse-workspace/free-rtos-demo/libArduinoCore.a(WString.o)
ticksRemainingInSec                               /home/nico/eclipse-workspace/free-rtos-demo/libArduinoLibraries.a(port.o)
timer0_millis                                     /home/nico/eclipse-workspace/free-rtos-demo/libArduinoCore.a(wiring.o)
timer0_overflow_count                             /home/nico/eclipse-workspace/free-rtos-demo/libArduinoCore.a(wiring.o)
tolower                                           /usr/lib/gcc/avr/7.3.0/../../../avr/lib/avr5/libc.a(tolower.o)
                                                  /home/nico/eclipse-workspace/free-rtos-demo/libArduinoCore.a(WString.o)
toupper                                           /usr/lib/gcc/avr/7.3.0/../../../avr/lib/avr5/libc.a(toupper.o)
                                                  /home/nico/eclipse-workspace/free-rtos-demo/libArduinoCore.a(WString.o)
ulTaskGenericNotifyTake                           /home/nico/eclipse-workspace/free-rtos-demo/libArduinoLibraries.a(tasks.o)
ulTaskGenericNotifyValueClear                     /home/nico/eclipse-workspace/free-rtos-demo/libArduinoLibraries.a(tasks.o)
ultoa                                             /usr/lib/gcc/avr/7.3.0/../../../avr/lib/avr5/libc.a(ultoa.o)
uxListRemove                                      /home/nico/eclipse-workspace/free-rtos-demo/libArduinoLibraries.a(list.o)
                                                  /home/nico/eclipse-workspace/free-rtos-demo/libArduinoLibraries.a(timers.o)
                                                  /home/nico/eclipse-workspace/free-rtos-demo/libArduinoLibraries.a(tasks.o)
uxQueueGetQueueItemSize                           /home/nico/eclipse-workspace/free-rtos-demo/libArduinoLibraries.a(queue.o)
uxQueueGetQueueLength                             /home/nico/eclipse-workspace/free-rtos-demo/libArduinoLibraries.a(queue.o)
uxQueueMessagesWaiting                            /home/nico/eclipse-workspace/free-rtos-demo/libArduinoLibraries.a(queue.o)
uxQueueMessagesWaitingFromISR                     /home/nico/eclipse-workspace/free-rtos-demo/libArduinoLibraries.a(queue.o)
uxQueueSpacesAvailable                            /home/nico/eclipse-workspace/free-rtos-demo/libArduinoLibraries.a(queue.o)
uxTaskBasePriorityGet                             /home/nico/eclipse-workspace/free-rtos-demo/libArduinoLibraries.a(tasks.o)
uxTaskBasePriorityGetFromISR                      /home/nico/eclipse-workspace/free-rtos-demo/libArduinoLibraries.a(tasks.o)
uxTaskGetNumberOfTasks                            /home/nico/eclipse-workspace/free-rtos-demo/libArduinoLibraries.a(tasks.o)
                                                  /home/nico/eclipse-workspace/free-rtos-demo/libArduinoLibraries.a(queue.o)
uxTaskGetStackHighWaterMark                       /home/nico/eclipse-workspace/free-rtos-demo/libArduinoLibraries.a(tasks.o)
uxTaskPriorityGet                                 /home/nico/eclipse-workspace/free-rtos-demo/libArduinoLibraries.a(tasks.o)
uxTaskPriorityGetFromISR                          /home/nico/eclipse-workspace/free-rtos-demo/libArduinoLibraries.a(tasks.o)
uxTaskResetEventItemValue                         /home/nico/eclipse-workspace/free-rtos-demo/libArduinoLibraries.a(tasks.o)
uxTimerGetReloadMode                              /home/nico/eclipse-workspace/free-rtos-demo/libArduinoLibraries.a(timers.o)
vApplicationIdleHook                              /home/nico/eclipse-workspace/free-rtos-demo/libArduinoLibraries.a(variantHooks.o)
                                                  /home/nico/eclipse-workspace/free-rtos-demo/libArduinoLibraries.a(tasks.o)
vApplicationMallocFailedHook                      /home/nico/eclipse-workspace/free-rtos-demo/libArduinoLibraries.a(variantHooks.o)
                                                  /home/nico/eclipse-workspace/free-rtos-demo/libArduinoLibraries.a(heap_3.o)
vApplicationStackOverflowHook                     /home/nico/eclipse-workspace/free-rtos-demo/libArduinoLibraries.a(variantHooks.o)
                                                  /home/nico/eclipse-workspace/free-rtos-demo/libArduinoLibraries.a(tasks.o)
vListInitialise                                   /home/nico/eclipse-workspace/free-rtos-demo/libArduinoLibraries.a(list.o)
                                                  /home/nico/eclipse-workspace/free-rtos-demo/libArduinoLibraries.a(queue.o)
                                                  /home/nico/eclipse-workspace/free-rtos-demo/libArduinoLibraries.a(timers.o)
                                                  /home/nico/eclipse-workspace/free-rtos-demo/libArduinoLibraries.a(tasks.o)
vListInitialiseItem                               /home/nico/eclipse-workspace/free-rtos-demo/libArduinoLibraries.a(list.o)
                                                  /home/nico/eclipse-workspace/free-rtos-demo/libArduinoLibraries.a(timers.o)
                                                  /home/nico/eclipse-workspace/free-rtos-demo/libArduinoLibraries.a(tasks.o)
vListInsert                                       /home/nico/eclipse-workspace/free-rtos-demo/libArduinoLibraries.a(list.o)
                                                  /home/nico/eclipse-workspace/free-rtos-demo/libArduinoLibraries.a(timers.o)
                                                  /home/nico/eclipse-workspace/free-rtos-demo/libArduinoLibraries.a(tasks.o)
vListInsertEnd                                    /home/nico/eclipse-workspace/free-rtos-demo/libArduinoLibraries.a(list.o)
                                                  /home/nico/eclipse-workspace/free-rtos-demo/libArduinoLibraries.a(tasks.o)
vPortDelay                                        /home/nico/eclipse-workspace/free-rtos-demo/libArduinoLibraries.a(port.o)
vPortEndScheduler                                 /home/nico/eclipse-workspace/free-rtos-demo/libArduinoLibraries.a(port.o)
                                                  /home/nico/eclipse-workspace/free-rtos-demo/libArduinoLibraries.a(tasks.o)
vPortFree                                         /home/nico/eclipse-workspace/free-rtos-demo/libArduinoLibraries.a(heap_3.o)
                                                  /home/nico/eclipse-workspace/free-rtos-demo/libArduinoLibraries.a(queue.o)
                                                  /home/nico/eclipse-workspace/free-rtos-demo/libArduinoLibraries.a(timers.o)
                                                  /home/nico/eclipse-workspace/free-rtos-demo/libArduinoLibraries.a(tasks.o)
vPortHeapResetState                               /home/nico/eclipse-workspace/free-rtos-demo/libArduinoLibraries.a(heap_3.o)
vPortYield                                        /home/nico/eclipse-workspace/free-rtos-demo/libArduinoLibraries.a(port.o)
                                                  /home/nico/eclipse-workspace/free-rtos-demo/libArduinoLibraries.a(queue.o)
                                                  /home/nico/eclipse-workspace/free-rtos-demo/libArduinoLibraries.a(timers.o)
                                                  /home/nico/eclipse-workspace/free-rtos-demo/libArduinoLibraries.a(tasks.o)
vPortYieldFromISR                                 /home/nico/eclipse-workspace/free-rtos-demo/libArduinoLibraries.a(port.o)
vPortYieldFromTick                                /home/nico/eclipse-workspace/free-rtos-demo/libArduinoLibraries.a(port.o)
vQueueDelete                                      /home/nico/eclipse-workspace/free-rtos-demo/libArduinoLibraries.a(queue.o)
vQueueWaitForMessageRestricted                    /home/nico/eclipse-workspace/free-rtos-demo/libArduinoLibraries.a(queue.o)
                                                  /home/nico/eclipse-workspace/free-rtos-demo/libArduinoLibraries.a(timers.o)
vTaskDelay                                        /home/nico/eclipse-workspace/free-rtos-demo/libArduinoLibraries.a(tasks.o)
                                                  /home/nico/eclipse-workspace/free-rtos-demo/libArduinoLibraries.a(port.o)
vTaskDelete                                       /home/nico/eclipse-workspace/free-rtos-demo/libArduinoLibraries.a(tasks.o)
vTaskEndScheduler                                 /home/nico/eclipse-workspace/free-rtos-demo/libArduinoLibraries.a(tasks.o)
vTaskGenericNotifyGiveFromISR                     /home/nico/eclipse-workspace/free-rtos-demo/libArduinoLibraries.a(tasks.o)
vTaskInternalSetTimeOutState                      /home/nico/eclipse-workspace/free-rtos-demo/libArduinoLibraries.a(tasks.o)
                                                  /home/nico/eclipse-workspace/free-rtos-demo/libArduinoLibraries.a(queue.o)
vTaskMissedYield                                  /home/nico/eclipse-workspace/free-rtos-demo/libArduinoLibraries.a(tasks.o)
                                                  /home/nico/eclipse-workspace/free-rtos-demo/libArduinoLibraries.a(queue.o)
vTaskPlaceOnEventList                             /home/nico/eclipse-workspace/free-rtos-demo/libArduinoLibraries.a(tasks.o)
                                                  /home/nico/eclipse-workspace/free-rtos-demo/libArduinoLibraries.a(queue.o)
vTaskPlaceOnEventListRestricted                   /home/nico/eclipse-workspace/free-rtos-demo/libArduinoLibraries.a(tasks.o)
                                                  /home/nico/eclipse-workspace/free-rtos-demo/libArduinoLibraries.a(queue.o)
vTaskPlaceOnUnorderedEventList                    /home/nico/eclipse-workspace/free-rtos-demo/libArduinoLibraries.a(tasks.o)
vTaskPriorityDisinheritAfterTimeout               /home/nico/eclipse-workspace/free-rtos-demo/libArduinoLibraries.a(tasks.o)
                                                  /home/nico/eclipse-workspace/free-rtos-demo/libArduinoLibraries.a(queue.o)
vTaskPrioritySet                                  /home/nico/eclipse-workspace/free-rtos-demo/libArduinoLibraries.a(tasks.o)
vTaskRemoveFromUnorderedEventList                 /home/nico/eclipse-workspace/free-rtos-demo/libArduinoLibraries.a(tasks.o)
vTaskResetState                                   /home/nico/eclipse-workspace/free-rtos-demo/libArduinoLibraries.a(tasks.o)
vTaskResume                                       /home/nico/eclipse-workspace/free-rtos-demo/libArduinoLibraries.a(tasks.o)
vTaskSetTimeOutState                              /home/nico/eclipse-workspace/free-rtos-demo/libArduinoLibraries.a(tasks.o)
vTaskStartScheduler                               /home/nico/eclipse-workspace/free-rtos-demo/libArduinoLibraries.a(tasks.o)
                                                  /home/nico/eclipse-workspace/free-rtos-demo/libArduinoLibraries.a(variantHooks.o)
                                                  ./src/test.o